<html>
<body>
<pre>
<h1>礦ision Build Log</h1>
<h2>Tool Versions:</h2>
IDE-Version: μVision V5.36.0.0
Copyright (C) 2021 ARM Ltd and ARM Germany GmbH. All rights reserved.
License Information: 11· qqq, 111, LIC=1WSKC-7X1SM-68VFC-7EE0S-ST45A-4M3DA
 
Tool Versions:
Toolchain:       MDK-ARM Professional  Version: 5.36.0.0
Toolchain Path:  C:\Keil_v5\ARM\ARMCC\Bin
C Compiler:      Armcc.exe V5.06 update 7 (build 960)
Assembler:       Armasm.exe V5.06 update 7 (build 960)
Linker/Locator:  ArmLink.exe V5.06 update 7 (build 960)
Library Manager: ArmAr.exe V5.06 update 7 (build 960)
Hex Converter:   FromElf.exe V5.06 update 7 (build 960)
CPU DLL:         SARMCM3.DLL V5.36.0.0
Dialog DLL:      DCM.DLL V1.17.3.0
Target DLL:      CMSIS_AGDI.dll V1.33.0.0
Dialog DLL:      TCM.DLL V1.53.0.0
 
<h2>Project:</h2>
c:\Users\叶明轩\Desktop\立仓V3\2022决赛代码\motor1\MDK-ARM\motor1.uvprojx
Project File Date:  01/27/2023

<h2>Output:</h2>
*** Using Compiler 'V5.06 update 7 (build 960)', folder: 'C:\Keil_v5\ARM\ARMCC\Bin'
Build target 'motor1'
assembling startup_stm32f750xx.s...
compiling gpio.c...
compiling stm32f7xx_hal_cortex.c...
compiling stm32f7xx_it.c...
compiling stm32f7xx_hal_msp.c...
compiling main.c...
compiling usart.c...
compiling tim.c...
compiling stm32f7xx_hal_tim_ex.c...
compiling stm32f7xx_hal_rcc.c...
compiling stm32f7xx_hal_rcc_ex.c...
compiling stm32f7xx_hal_tim.c...
compiling stm32f7xx_hal_dma.c...
compiling stm32f7xx_hal.c...
compiling stm32f7xx_hal_flash.c...
compiling stm32f7xx_hal_flash_ex.c...
compiling stm32f7xx_hal_i2c_ex.c...
compiling stm32f7xx_hal_pwr_ex.c...
compiling stm32f7xx_hal_pwr.c...
compiling stm32f7xx_hal_exti.c...
compiling stm32f7xx_hal_dma_ex.c...
compiling stm32f7xx_hal_gpio.c...
compiling stm32f7xx_hal_i2c.c...
compiling system_stm32f7xx.c...
compiling wheel_task.c...
compiling usmart.c...
compiling wheel_pwm.c...
compiling wheel_config.c...
compiling wheel_encode.c...
compiling stm32f7xx_hal_uart_ex.c...
compiling usmart_config.c...
compiling wheel.c...
..\supercar\wheel.c(140): warning:  #177-D: variable "why"  was declared but never referenced
     float why =0;
..\supercar\wheel.c: 1 warning, 0 errors
compiling stm32f7xx_hal_uart.c...
compiling journey.c...
compiling pid.c...
..\Calculate\pid.c(70): warning:  #550-D: variable "controller_dt"  was set but never used
      float controller_dt;
..\Calculate\pid.c: 1 warning, 0 errors
compiling turn_task.c...
compiling imu_task.c...
compiling track_task.c...
compiling time_cnt.c...
compiling m294.c...
compiling usmart_str.c...
compiling imu.c...
compiling snow.c...
compiling time_delay.c...
compiling bar.c...
compiling lsc.c...
compiling qrcode.c...
compiling openmv.c...
compiling stack_transfer.c...
linking...
Program Size: Code=54428 RO-data=1172 RW-data=800 ZI-data=3296  
FromELF: creating hex file...
"motor1\motor1.axf" - 0 Error(s), 2 Warning(s).

<h2>Software Packages used:</h2>

Package Vendor: ARM
                http://www.keil.com/pack/ARM.CMSIS.5.8.0.pack
                ARM.CMSIS.5.8.0
                CMSIS (Common Microcontroller Software Interface Standard)
   * Component: CORE Version: 5.5.0

Package Vendor: Keil
                http://www.keil.com/pack/Keil.STM32F7xx_DFP.2.14.1.pack
                Keil.STM32F7xx_DFP.2.14.1
                STMicroelectronics STM32F7 Series Device Support, Drivers and Examples

<h2>Collection of Component include folders:</h2>
  .\RTE\_motor1
  C:\Program Files (x86)\bao\ARM\CMSIS\5.8.0\CMSIS\Core\Include
  C:\Program Files (x86)\bao\Keil\STM32F7xx_DFP\2.14.1\Drivers\CMSIS\Device\ST\STM32F7xx\Include

<h2>Collection of Component Files used:</h2>

   * Component: ARM::CMSIS:CORE:5.5.0
Build Time Elapsed:  00:00:52
</pre>
</body>
</html>
