Component: ARM Compiler 5.06 update 7 (build 960) Tool: armlink [4d3601]

==============================================================================

Section Cross References

    startup_stm32f750xx.o(RESET) refers to startup_stm32f750xx.o(STACK) for __initial_sp
    startup_stm32f750xx.o(RESET) refers to startup_stm32f750xx.o(.text) for Reset_Handler
    startup_stm32f750xx.o(RESET) refers to stm32f7xx_it.o(i.NMI_Handler) for NMI_Handler
    startup_stm32f750xx.o(RESET) refers to stm32f7xx_it.o(i.HardFault_Handler) for HardFault_Handler
    startup_stm32f750xx.o(RESET) refers to stm32f7xx_it.o(i.MemManage_Handler) for MemManage_Handler
    startup_stm32f750xx.o(RESET) refers to stm32f7xx_it.o(i.BusFault_Handler) for BusFault_Handler
    startup_stm32f750xx.o(RESET) refers to stm32f7xx_it.o(i.UsageFault_Handler) for UsageFault_Handler
    startup_stm32f750xx.o(RESET) refers to stm32f7xx_it.o(i.SVC_Handler) for SVC_Handler
    startup_stm32f750xx.o(RESET) refers to stm32f7xx_it.o(i.DebugMon_Handler) for DebugMon_Handler
    startup_stm32f750xx.o(RESET) refers to stm32f7xx_it.o(i.PendSV_Handler) for PendSV_Handler
    startup_stm32f750xx.o(RESET) refers to stm32f7xx_it.o(i.SysTick_Handler) for SysTick_Handler
    startup_stm32f750xx.o(RESET) refers to stm32f7xx_it.o(i.TIM3_IRQHandler) for TIM3_IRQHandler
    startup_stm32f750xx.o(RESET) refers to usmart.o(i.TIM4_IRQHandler) for TIM4_IRQHandler
    startup_stm32f750xx.o(RESET) refers to stm32f7xx_it.o(i.USART1_IRQHandler) for USART1_IRQHandler
    startup_stm32f750xx.o(RESET) refers to stm32f7xx_it.o(i.USART3_IRQHandler) for USART3_IRQHandler
    startup_stm32f750xx.o(RESET) refers to stm32f7xx_it.o(i.TIM5_IRQHandler) for TIM5_IRQHandler
    startup_stm32f750xx.o(RESET) refers to stm32f7xx_it.o(i.UART5_IRQHandler) for UART5_IRQHandler
    startup_stm32f750xx.o(RESET) refers to stm32f7xx_it.o(i.TIM6_DAC_IRQHandler) for TIM6_DAC_IRQHandler
    startup_stm32f750xx.o(RESET) refers to stm32f7xx_it.o(i.USART6_IRQHandler) for USART6_IRQHandler
    startup_stm32f750xx.o(RESET) refers to stm32f7xx_it.o(i.UART7_IRQHandler) for UART7_IRQHandler
    startup_stm32f750xx.o(RESET) refers to stm32f7xx_it.o(i.UART8_IRQHandler) for UART8_IRQHandler
    startup_stm32f750xx.o(.text) refers to system_stm32f7xx.o(i.SystemInit) for SystemInit
    startup_stm32f750xx.o(.text) refers to entry.o(.ARM.Collect$$$$00000000) for __main
    main.o(i.SystemClock_Config) refers to memseta.o(.text) for __aeabi_memclr4
    main.o(i.SystemClock_Config) refers to stm32f7xx_hal_rcc.o(i.HAL_RCC_OscConfig) for HAL_RCC_OscConfig
    main.o(i.SystemClock_Config) refers to main.o(i.Error_Handler) for Error_Handler
    main.o(i.SystemClock_Config) refers to stm32f7xx_hal_pwr_ex.o(i.HAL_PWREx_EnableOverDrive) for HAL_PWREx_EnableOverDrive
    main.o(i.SystemClock_Config) refers to stm32f7xx_hal_rcc.o(i.HAL_RCC_ClockConfig) for HAL_RCC_ClockConfig
    main.o(i.main) refers to stm32f7xx_hal.o(i.HAL_Init) for HAL_Init
    main.o(i.main) refers to main.o(i.SystemClock_Config) for SystemClock_Config
    main.o(i.main) refers to gpio.o(i.MX_GPIO_Init) for MX_GPIO_Init
    main.o(i.main) refers to tim.o(i.MX_TIM1_Init) for MX_TIM1_Init
    main.o(i.main) refers to tim.o(i.MX_TIM3_Init) for MX_TIM3_Init
    main.o(i.main) refers to tim.o(i.MX_TIM2_Init) for MX_TIM2_Init
    main.o(i.main) refers to tim.o(i.MX_TIM5_Init) for MX_TIM5_Init
    main.o(i.main) refers to tim.o(i.MX_TIM6_Init) for MX_TIM6_Init
    main.o(i.main) refers to usart.o(i.MX_USART1_UART_Init) for MX_USART1_UART_Init
    main.o(i.main) refers to tim.o(i.MX_TIM8_Init) for MX_TIM8_Init
    main.o(i.main) refers to usart.o(i.MX_UART5_Init) for MX_UART5_Init
    main.o(i.main) refers to usart.o(i.MX_USART6_UART_Init) for MX_USART6_UART_Init
    main.o(i.main) refers to usart.o(i.MX_UART8_Init) for MX_UART8_Init
    main.o(i.main) refers to usart.o(i.MX_UART7_Init) for MX_UART7_Init
    main.o(i.main) refers to usart.o(i.MX_USART3_UART_Init) for MX_USART3_UART_Init
    main.o(i.main) refers to stm32f7xx_hal_uart.o(i.HAL_UART_Receive_IT) for HAL_UART_Receive_IT
    main.o(i.main) refers to wheel_config.o(i.motor1_Enable) for motor1_Enable
    main.o(i.main) refers to wheel_config.o(i.motor2_Enable) for motor2_Enable
    main.o(i.main) refers to wheel_config.o(i.motor3_Enable) for motor3_Enable
    main.o(i.main) refers to wheel_config.o(i.motor4_Enable) for motor4_Enable
    main.o(i.main) refers to imu_task.o(i.imu_pid_data_init) for imu_pid_data_init
    main.o(i.main) refers to wheel_task.o(i.motor_pid_data_init) for motor_pid_data_init
    main.o(i.main) refers to track_task.o(i.track_pid_data_init) for track_pid_data_init
    main.o(i.main) refers to imu.o(i.receive_imu901_Init) for receive_imu901_Init
    main.o(i.main) refers to snow.o(i.Steering_Init) for Steering_Init
    main.o(i.main) refers to time_delay.o(i.delay_init) for delay_init
[...]
    _main_cpp_init                           0x080001d1   Thumb Code     0  entry8b.o(.ARM.Collect$$$$0000000A)
    _main_init                               0x080001d1   Thumb Code     0  entry9a.o(.ARM.Collect$$$$0000000B)
    __rt_lib_shutdown_fini                   0x080001d9   Thumb Code     0  entry12b.o(.ARM.Collect$$$$0000000E)
    __rt_final_cpp                           0x080001dd   Thumb Code     0  entry10a.o(.ARM.Collect$$$$0000000F)
    __rt_final_exit                          0x080001dd   Thumb Code     0  entry11a.o(.ARM.Collect$$$$00000011)
    Reset_Handler                            0x080001e1   Thumb Code     8  startup_stm32f750xx.o(.text)
    ADC_IRQHandler                           0x080001fb   Thumb Code     0  startup_stm32f750xx.o(.text)
    CAN1_RX0_IRQHandler                      0x080001fb   Thumb Code     0  startup_stm32f750xx.o(.text)
    CAN1_RX1_IRQHandler                      0x080001fb   Thumb Code     0  startup_stm32f750xx.o(.text)
    CAN1_SCE_IRQHandler                      0x080001fb   Thumb Code     0  startup_stm32f750xx.o(.text)
    CAN1_TX_IRQHandler                       0x080001fb   Thumb Code     0  startup_stm32f750xx.o(.text)
    CAN2_RX0_IRQHandler                      0x080001fb   Thumb Code     0  startup_stm32f750xx.o(.text)
    CAN2_RX1_IRQHandler                      0x080001fb   Thumb Code     0  startup_stm32f750xx.o(.text)
    CAN2_SCE_IRQHandler                      0x080001fb   Thumb Code     0  startup_stm32f750xx.o(.text)
    CAN2_TX_IRQHandler                       0x080001fb   Thumb Code     0  startup_stm32f750xx.o(.text)
    CEC_IRQHandler                           0x080001fb   Thumb Code     0  startup_stm32f750xx.o(.text)
    CRYP_IRQHandler                          0x080001fb   Thumb Code     0  startup_stm32f750xx.o(.text)
    DCMI_IRQHandler                          0x080001fb   Thumb Code     0  startup_stm32f750xx.o(.text)
    DMA1_Stream0_IRQHandler                  0x080001fb   Thumb Code     0  startup_stm32f750xx.o(.text)
    DMA1_Stream1_IRQHandler                  0x080001fb   Thumb Code     0  startup_stm32f750xx.o(.text)
    DMA1_Stream2_IRQHandler                  0x080001fb   Thumb Code     0  startup_stm32f750xx.o(.text)
    DMA1_Stream3_IRQHandler                  0x080001fb   Thumb Code     0  startup_stm32f750xx.o(.text)
    DMA1_Stream4_IRQHandler                  0x080001fb   Thumb Code     0  startup_stm32f750xx.o(.text)
    DMA1_Stream5_IRQHandler                  0x080001fb   Thumb Code     0  startup_stm32f750xx.o(.text)
    DMA1_Stream6_IRQHandler                  0x080001fb   Thumb Code     0  startup_stm32f750xx.o(.text)
    DMA1_Stream7_IRQHandler                  0x080001fb   Thumb Code     0  startup_stm32f750xx.o(.text)
    DMA2D_IRQHandler                         0x080001fb   Thumb Code     0  startup_stm32f750xx.o(.text)
    DMA2_Stream0_IRQHandler                  0x080001fb   Thumb Code     0  startup_stm32f750xx.o(.text)
    DMA2_Stream1_IRQHandler                  0x080001fb   Thumb Code     0  startup_stm32f750xx.o(.text)
    DMA2_Stream2_IRQHandler                  0x080001fb   Thumb Code     0  startup_stm32f750xx.o(.text)
    DMA2_Stream3_IRQHandler                  0x080001fb   Thumb Code     0  startup_stm32f750xx.o(.text)
    DMA2_Stream4_IRQHandler                  0x080001fb   Thumb Code     0  startup_stm32f750xx.o(.text)
    DMA2_Stream5_IRQHandler                  0x080001fb   Thumb Code     0  startup_stm32f750xx.o(.text)
    DMA2_Stream6_IRQHandler                  0x080001fb   Thumb Code     0  startup_stm32f750xx.o(.text)
    DMA2_Stream7_IRQHandler                  0x080001fb   Thumb Code     0  startup_stm32f750xx.o(.text)
    ETH_IRQHandler                           0x080001fb   Thumb Code     0  startup_stm32f750xx.o(.text)
    ETH_WKUP_IRQHandler                      0x080001fb   Thumb Code     0  startup_stm32f750xx.o(.text)
    EXTI0_IRQHandler                         0x080001fb   Thumb Code     0  startup_stm32f750xx.o(.text)
    EXTI15_10_IRQHandler                     0x080001fb   Thumb Code     0  startup_stm32f750xx.o(.text)
    EXTI1_IRQHandler                         0x080001fb   Thumb Code     0  startup_stm32f750xx.o(.text)
    EXTI2_IRQHandler                         0x080001fb   Thumb Code     0  startup_stm32f750xx.o(.text)
    EXTI3_IRQHandler                         0x080001fb   Thumb Code     0  startup_stm32f750xx.o(.text)
    EXTI4_IRQHandler                         0x080001fb   Thumb Code     0  startup_stm32f750xx.o(.text)
    EXTI9_5_IRQHandler                       0x080001fb   Thumb Code     0  startup_stm32f750xx.o(.text)
    FLASH_IRQHandler                         0x080001fb   Thumb Code     0  startup_stm32f750xx.o(.text)
    FMC_IRQHandler                           0x080001fb   Thumb Code     0  startup_stm32f750xx.o(.text)
    FPU_IRQHandler                           0x080001fb   Thumb Code     0  startup_stm32f750xx.o(.text)
    HASH_RNG_IRQHandler                      0x080001fb   Thumb Code     0  startup_stm32f750xx.o(.text)
    I2C1_ER_IRQHandler                       0x080001fb   Thumb Code     0  startup_stm32f750xx.o(.text)
    I2C1_EV_IRQHandler                       0x080001fb   Thumb Code     0  startup_stm32f750xx.o(.text)
    I2C2_ER_IRQHandler                       0x080001fb   Thumb Code     0  startup_stm32f750xx.o(.text)
    I2C2_EV_IRQHandler                       0x080001fb   Thumb Code     0  startup_stm32f750xx.o(.text)
    I2C3_ER_IRQHandler                       0x080001fb   Thumb Code     0  startup_stm32f750xx.o(.text)
    I2C3_EV_IRQHandler                       0x080001fb   Thumb Code     0  startup_stm32f750xx.o(.text)
    I2C4_ER_IRQHandler                       0x080001fb   Thumb Code     0  startup_stm32f750xx.o(.text)
    I2C4_EV_IRQHandler                       0x080001fb   Thumb Code     0  startup_stm32f750xx.o(.text)
    LPTIM1_IRQHandler                        0x080001fb   Thumb Code     0  startup_stm32f750xx.o(.text)
    LTDC_ER_IRQHandler                       0x080001fb   Thumb Code     0  startup_stm32f750xx.o(.text)
    LTDC_IRQHandler                          0x080001fb   Thumb Code     0  startup_stm32f750xx.o(.text)
    OTG_FS_IRQHandler                        0x080001fb   Thumb Code     0  startup_stm32f750xx.o(.text)
    OTG_FS_WKUP_IRQHandler                   0x080001fb   Thumb Code     0  startup_stm32f750xx.o(.text)
    OTG_HS_EP1_IN_IRQHandler                 0x080001fb   Thumb Code     0  startup_stm32f750xx.o(.text)
    OTG_HS_EP1_OUT_IRQHandler                0x080001fb   Thumb Code     0  startup_stm32f750xx.o(.text)
    OTG_HS_IRQHandler                        0x080001fb   Thumb Code     0  startup_stm32f750xx.o(.text)
    OTG_HS_WKUP_IRQHandler                   0x080001fb   Thumb Code     0  startup_stm32f750xx.o(.text)
    PVD_IRQHandler                           0x080001fb   Thumb Code     0  startup_stm32f750xx.o(.text)
    QUADSPI_IRQHandler                       0x080001fb   Thumb Code     0  startup_stm32f750xx.o(.text)
    RCC_IRQHandler                           0x080001fb   Thumb Code     0  startup_stm32f750xx.o(.text)
    RTC_Alarm_IRQHandler                     0x080001fb   Thumb Code     0  startup_stm32f750xx.o(.text)
    RTC_WKUP_IRQHandler                      0x080001fb   Thumb Code     0  startup_stm32f750xx.o(.text)
    SAI1_IRQHandler                          0x080001fb   Thumb Code     0  startup_stm32f750xx.o(.text)
    SAI2_IRQHandler                          0x080001fb   Thumb Code     0  startup_stm32f750xx.o(.text)
    SDMMC1_IRQHandler                        0x080001fb   Thumb Code     0  startup_stm32f750xx.o(.text)
    SPDIF_RX_IRQHandler                      0x080001fb   Thumb Code     0  startup_stm32f750xx.o(.text)
    SPI1_IRQHandler                          0x080001fb   Thumb Code     0  startup_stm32f750xx.o(.text)
    SPI2_IRQHandler                          0x080001fb   Thumb Code     0  startup_stm32f750xx.o(.text)
    SPI3_IRQHandler                          0x080001fb   Thumb Code     0  startup_stm32f750xx.o(.text)
    SPI4_IRQHandler                          0x080001fb   Thumb Code     0  startup_stm32f750xx.o(.text)
    SPI5_IRQHandler                          0x080001fb   Thumb Code     0  startup_stm32f750xx.o(.text)
    SPI6_IRQHandler                          0x080001fb   Thumb Code     0  startup_stm32f750xx.o(.text)
    TAMP_STAMP_IRQHandler                    0x080001fb   Thumb Code     0  startup_stm32f750xx.o(.text)
    TIM1_BRK_TIM9_IRQHandler                 0x080001fb   Thumb Code     0  startup_stm32f750xx.o(.text)
    TIM1_CC_IRQHandler                       0x080001fb   Thumb Code     0  startup_stm32f750xx.o(.text)
    TIM1_TRG_COM_TIM11_IRQHandler            0x080001fb   Thumb Code     0  startup_stm32f750xx.o(.text)
    TIM1_UP_TIM10_IRQHandler                 0x080001fb   Thumb Code     0  startup_stm32f750xx.o(.text)
    TIM2_IRQHandler                          0x080001fb   Thumb Code     0  startup_stm32f750xx.o(.text)
    TIM7_IRQHandler                          0x080001fb   Thumb Code     0  startup_stm32f750xx.o(.text)
    TIM8_BRK_TIM12_IRQHandler                0x080001fb   Thumb Code     0  startup_stm32f750xx.o(.text)
    TIM8_CC_IRQHandler                       0x080001fb   Thumb Code     0  startup_stm32f750xx.o(.text)
    TIM8_TRG_COM_TIM14_IRQHandler            0x080001fb   Thumb Code     0  startup_stm32f750xx.o(.text)
    TIM8_UP_TIM13_IRQHandler                 0x080001fb   Thumb Code     0  startup_stm32f750xx.o(.text)
    UART4_IRQHandler                         0x080001fb   Thumb Code     0  startup_stm32f750xx.o(.text)
    USART2_IRQHandler                        0x080001fb   Thumb Code     0  startup_stm32f750xx.o(.text)
    WWDG_IRQHandler                          0x080001fb   Thumb Code     0  startup_stm32f750xx.o(.text)
    __aeabi_uldivmod                         0x08000205   Thumb Code    98  uldiv.o(.text)
    __aeabi_memset                           0x08000267   Thumb Code    14  memseta.o(.text)
    __aeabi_memset4                          0x08000267   Thumb Code     0  memseta.o(.text)
    __aeabi_memset8                          0x08000267   Thumb Code     0  memseta.o(.text)
    __aeabi_memclr                           0x08000275   Thumb Code     4  memseta.o(.text)
    __aeabi_memclr4                          0x08000275   Thumb Code     0  memseta.o(.text)
    __aeabi_memclr8                          0x08000275   Thumb Code     0  memseta.o(.text)
    _memset$wrapper                          0x08000279   Thumb Code    18  memseta.o(.text)
    __aeabi_dadd                             0x0800028b   Thumb Code   322  dadd.o(.text)
    __aeabi_dsub                             0x080003cd   Thumb Code     6  dadd.o(.text)
    __aeabi_drsub                            0x080003d3   Thumb Code     6  dadd.o(.text)
    __aeabi_dmul                             0x080003d9   Thumb Code   228  dmul.o(.text)
    __aeabi_ddiv                             0x080004bd   Thumb Code   222  ddiv.o(.text)
    __aeabi_i2d                              0x0800059b   Thumb Code    34  dflti.o(.text)
    __aeabi_ui2d                             0x080005bd   Thumb Code    26  dfltui.o(.text)
    __aeabi_d2iz                             0x080005d7   Thumb Code    62  dfixi.o(.text)
    __aeabi_f2d                              0x08000615   Thumb Code    38  f2d.o(.text)
    __aeabi_cdcmpeq                          0x0800063d   Thumb Code     0  cdcmple.o(.text)
    __aeabi_cdcmple                          0x0800063d   Thumb Code    48  cdcmple.o(.text)
    __aeabi_cdrcmple                         0x0800066d   Thumb Code    48  cdrcmple.o(.text)
    __aeabi_d2f                              0x0800069d   Thumb Code    56  d2f.o(.text)
    __aeabi_uidiv                            0x080006d5   Thumb Code     0  uidiv.o(.text)
    __aeabi_uidivmod                         0x080006d5   Thumb Code    44  uidiv.o(.text)
    __aeabi_llsl                             0x08000701   Thumb Code    30  llshl.o(.text)
    _ll_shift_l                              0x08000701   Thumb Code     0  llshl.o(.text)
    __aeabi_llsr                             0x0800071f   Thumb Code    32  llushr.o(.text)
    _ll_ushift_r                             0x0800071f   Thumb Code     0  llushr.o(.text)
    __aeabi_lasr                             0x0800073f   Thumb Code    36  llsshr.o(.text)
    _ll_sshift_r                             0x0800073f   Thumb Code     0  llsshr.o(.text)
    __I$use$fp                               0x08000763   Thumb Code     0  iusefp.o(.text)
    _float_round                             0x08000763   Thumb Code    18  fepilogue.o(.text)
    _float_epilogue                          0x08000775   Thumb Code    92  fepilogue.o(.text)
    _double_round                            0x080007d1   Thumb Code    30  depilogue.o(.text)
    _double_epilogue                         0x080007ef   Thumb Code   156  depilogue.o(.text)
    __aeabi_d2ulz                            0x0800088b   Thumb Code    48  dfixul.o(.text)
    __scatterload                            0x080008bd   Thumb Code    28  init.o(.text)
    __scatterload_rt2                        0x080008bd   Thumb Code     0  init.o(.text)
    __decompress                             0x080008e1   Thumb Code     0  __dczerorl2.o(.text)
    __decompress1                            0x080008e1   Thumb Code    86  __dczerorl2.o(.text)
    BusFault_Handler                         0x08000937   Thumb Code     4  stm32f7xx_it.o(i.BusFault_Handler)
    Catch_Steppedplatform_blue               0x0800093d   Thumb Code  1374  journey.o(i.Catch_Steppedplatform_blue)
    Catch_Steppedplatform_red                0x08000ea9   Thumb Code  1370  journey.o(i.Catch_Steppedplatform_red)
    DebugMon_Handler                         0x08001411   Thumb Code     2  stm32f7xx_it.o(i.DebugMon_Handler)
    Error_Handler                            0x08001413   Thumb Code     6  main.o(i.Error_Handler)
    Get_Time_Period                          0x08001419   Thumb Code    64  time_cnt.o(i.Get_Time_Period)
    Get_imu901                               0x08001461   Thumb Code    50  imu.o(i.Get_imu901)
    Get_openmv                               0x080014a1   Thumb Code    40  openmv.o(i.Get_openmv)
    HAL_DMA_Abort                            0x080014cd   Thumb Code   172  stm32f7xx_hal_dma.o(i.HAL_DMA_Abort)
    HAL_DMA_Abort_IT                         0x08001579   Thumb Code    40  stm32f7xx_hal_dma.o(i.HAL_DMA_Abort_IT)
    HAL_Delay                                0x080015a1   Thumb Code    36  stm32f7xx_hal.o(i.HAL_Delay)
    HAL_GPIO_Init                            0x080015c9   Thumb Code   472  stm32f7xx_hal_gpio.o(i.HAL_GPIO_Init)
    HAL_GPIO_ReadPin                         0x080017d5   Thumb Code    16  stm32f7xx_hal_gpio.o(i.HAL_GPIO_ReadPin)
    HAL_GetTick                              0x080017e5   Thumb Code     6  stm32f7xx_hal.o(i.HAL_GetTick)
    HAL_IncTick                              0x080017f1   Thumb Code    16  stm32f7xx_hal.o(i.HAL_IncTick)
    HAL_Init                                 0x08001809   Thumb Code    22  stm32f7xx_hal.o(i.HAL_Init)
    HAL_InitTick                             0x08001821   Thumb Code    64  stm32f7xx_hal.o(i.HAL_InitTick)
    HAL_MspInit                              0x0800186d   Thumb Code    60  stm32f7xx_hal_msp.o(i.HAL_MspInit)
    HAL_NVIC_EnableIRQ                       0x080018ad   Thumb Code    32  stm32f7xx_hal_cortex.o(i.HAL_NVIC_EnableIRQ)
    HAL_NVIC_SetPriority                     0x080018cd   Thumb Code   124  stm32f7xx_hal_cortex.o(i.HAL_NVIC_SetPriority)
    HAL_NVIC_SetPriorityGrouping             0x08001949   Thumb Code    32  stm32f7xx_hal_cortex.o(i.HAL_NVIC_SetPriorityGrouping)
    HAL_PWREx_EnableOverDrive                0x08001971   Thumb Code   136  stm32f7xx_hal_pwr_ex.o(i.HAL_PWREx_EnableOverDrive)
    HAL_RCCEx_PeriphCLKConfig                0x08001a01   Thumb Code  1760  stm32f7xx_hal_rcc_ex.o(i.HAL_RCCEx_PeriphCLKConfig)
    HAL_RCC_ClockConfig                      0x080020e5   Thumb Code   384  stm32f7xx_hal_rcc.o(i.HAL_RCC_ClockConfig)
    HAL_RCC_GetHCLKFreq                      0x08002279   Thumb Code     6  stm32f7xx_hal_rcc.o(i.HAL_RCC_GetHCLKFreq)
    HAL_RCC_GetPCLK1Freq                     0x08002285   Thumb Code    22  stm32f7xx_hal_rcc.o(i.HAL_RCC_GetPCLK1Freq)
    HAL_RCC_GetPCLK2Freq                     0x080022a5   Thumb Code    22  stm32f7xx_hal_rcc.o(i.HAL_RCC_GetPCLK2Freq)
    HAL_RCC_GetSysClockFreq                  0x080022c5   Thumb Code   162  stm32f7xx_hal_rcc.o(i.HAL_RCC_GetSysClockFreq)
    HAL_RCC_OscConfig                        0x08002375   Thumb Code  1278  stm32f7xx_hal_rcc.o(i.HAL_RCC_OscConfig)
    HAL_SYSTICK_Config                       0x08002879   Thumb Code    52  stm32f7xx_hal_cortex.o(i.HAL_SYSTICK_Config)
    HAL_TIMEx_Break2Callback                 0x080028ad   Thumb Code     2  stm32f7xx_hal_tim_ex.o(i.HAL_TIMEx_Break2Callback)
    HAL_TIMEx_BreakCallback                  0x080028af   Thumb Code     2  stm32f7xx_hal_tim_ex.o(i.HAL_TIMEx_BreakCallback)
    HAL_TIMEx_CommutCallback                 0x080028b1   Thumb Code     2  stm32f7xx_hal_tim_ex.o(i.HAL_TIMEx_CommutCallback)
    HAL_TIMEx_ConfigBreakDeadTime            0x080028b5   Thumb Code   172  stm32f7xx_hal_tim_ex.o(i.HAL_TIMEx_ConfigBreakDeadTime)
    HAL_TIMEx_MasterConfigSynchronization    0x08002969   Thumb Code   174  stm32f7xx_hal_tim_ex.o(i.HAL_TIMEx_MasterConfigSynchronization)
    HAL_TIM_Base_Init                        0x08002a35   Thumb Code   110  stm32f7xx_hal_tim.o(i.HAL_TIM_Base_Init)
    HAL_TIM_Base_MspInit                     0x08002aa5   Thumb Code   176  tim.o(i.HAL_TIM_Base_MspInit)
    HAL_TIM_Base_Start_IT                    0x08002b65   Thumb Code   146  stm32f7xx_hal_tim.o(i.HAL_TIM_Base_Start_IT)
    HAL_TIM_ConfigClockSource                0x08002c19   Thumb Code   268  stm32f7xx_hal_tim.o(i.HAL_TIM_ConfigClockSource)
    HAL_TIM_IC_CaptureCallback               0x08002d29   Thumb Code   254  wheel_encode.o(i.HAL_TIM_IC_CaptureCallback)
    HAL_TIM_IC_ConfigChannel                 0x08002e55   Thumb Code   222  stm32f7xx_hal_tim.o(i.HAL_TIM_IC_ConfigChannel)
    HAL_TIM_IC_Init                          0x08002f33   Thumb Code   110  stm32f7xx_hal_tim.o(i.HAL_TIM_IC_Init)
    HAL_TIM_IC_MspInit                       0x08002fa1   Thumb Code   292  tim.o(i.HAL_TIM_IC_MspInit)
    HAL_TIM_IC_Start_IT                      0x080030d9   Thumb Code   424  stm32f7xx_hal_tim.o(i.HAL_TIM_IC_Start_IT)
    HAL_TIM_IRQHandler                       0x080032a1   Thumb Code   440  stm32f7xx_hal_tim.o(i.HAL_TIM_IRQHandler)
    HAL_TIM_MspPostInit                      0x08003459   Thumb Code   264  tim.o(i.HAL_TIM_MspPostInit)
    HAL_TIM_OC_DelayElapsedCallback          0x0800357d   Thumb Code     2  stm32f7xx_hal_tim.o(i.HAL_TIM_OC_DelayElapsedCallback)
    HAL_TIM_PWM_ConfigChannel                0x0800357f   Thumb Code   368  stm32f7xx_hal_tim.o(i.HAL_TIM_PWM_ConfigChannel)
    HAL_TIM_PWM_Init                         0x080036ef   Thumb Code   110  stm32f7xx_hal_tim.o(i.HAL_TIM_PWM_Init)
    HAL_TIM_PWM_MspInit                      0x0800375d   Thumb Code     2  stm32f7xx_hal_tim.o(i.HAL_TIM_PWM_MspInit)
    HAL_TIM_PWM_PulseFinishedCallback        0x0800375f   Thumb Code     2  stm32f7xx_hal_tim.o(i.HAL_TIM_PWM_PulseFinishedCallback)
    HAL_TIM_PWM_Start                        0x08003761   Thumb Code   290  stm32f7xx_hal_tim.o(i.HAL_TIM_PWM_Start)
    HAL_TIM_PeriodElapsedCallback            0x080038a5   Thumb Code    30  wheel_encode.o(i.HAL_TIM_PeriodElapsedCallback)
    HAL_TIM_ReadCapturedValue                0x080038cd   Thumb Code    50  stm32f7xx_hal_tim.o(i.HAL_TIM_ReadCapturedValue)
    HAL_TIM_TriggerCallback                  0x080038ff   Thumb Code     2  stm32f7xx_hal_tim.o(i.HAL_TIM_TriggerCallback)
    HAL_UARTEx_RxEventCallback               0x08003901   Thumb Code     2  stm32f7xx_hal_uart.o(i.HAL_UARTEx_RxEventCallback)
    HAL_UART_ErrorCallback                   0x08003903   Thumb Code     2  stm32f7xx_hal_uart.o(i.HAL_UART_ErrorCallback)
    HAL_UART_GetState                        0x08003905   Thumb Code    14  stm32f7xx_hal_uart.o(i.HAL_UART_GetState)
    HAL_UART_IRQHandler                      0x08003915   Thumb Code   810  stm32f7xx_hal_uart.o(i.HAL_UART_IRQHandler)
    HAL_UART_Init                            0x08003c49   Thumb Code   116  stm32f7xx_hal_uart.o(i.HAL_UART_Init)
    HAL_UART_MspInit                         0x08003cbd   Thumb Code   896  usart.o(i.HAL_UART_MspInit)
    HAL_UART_Receive_IT                      0x08004069   Thumb Code    80  stm32f7xx_hal_uart.o(i.HAL_UART_Receive_IT)
    HAL_UART_RxCpltCallback                  0x080040b9   Thumb Code   212  usart.o(i.HAL_UART_RxCpltCallback)
    HAL_UART_Transmit                        0x080041c1   Thumb Code   178  stm32f7xx_hal_uart.o(i.HAL_UART_Transmit)
    HAL_UART_TxCpltCallback                  0x08004273   Thumb Code     2  stm32f7xx_hal_uart.o(i.HAL_UART_TxCpltCallback)
    HardFault_Handler                        0x08004275   Thumb Code     4  stm32f7xx_it.o(i.HardFault_Handler)
    MX_GPIO_Init                             0x08004279   Thumb Code   356  gpio.o(i.MX_GPIO_Init)
    MX_TIM1_Init                             0x080043f5   Thumb Code   272  tim.o(i.MX_TIM1_Init)
    MX_TIM2_Init                             0x0800450d   Thumb Code   206  tim.o(i.MX_TIM2_Init)
    MX_TIM3_Init                             0x080045e1   Thumb Code   130  tim.o(i.MX_TIM3_Init)
    MX_TIM5_Init                             0x0800466d   Thumb Code   130  tim.o(i.MX_TIM5_Init)
    MX_TIM6_Init                             0x080046f9   Thumb Code    68  tim.o(i.MX_TIM6_Init)
    MX_TIM8_Init                             0x08004745   Thumb Code   226  tim.o(i.MX_TIM8_Init)
    MX_UART5_Init                            0x08004831   Thumb Code    56  usart.o(i.MX_UART5_Init)
    MX_UART7_Init                            0x08004871   Thumb Code    56  usart.o(i.MX_UART7_Init)
    MX_UART8_Init                            0x080048b1   Thumb Code    56  usart.o(i.MX_UART8_Init)
    MX_USART1_UART_Init                      0x080048f1   Thumb Code    56  usart.o(i.MX_USART1_UART_Init)
    MX_USART3_UART_Init                      0x08004931   Thumb Code    56  usart.o(i.MX_USART3_UART_Init)
    MX_USART6_UART_Init                      0x08004971   Thumb Code    56  usart.o(i.MX_USART6_UART_Init)
    MemManage_Handler                        0x080049b1   Thumb Code     4  stm32f7xx_it.o(i.MemManage_Handler)
    NMI_Handler                              0x080049b5   Thumb Code     4  stm32f7xx_it.o(i.NMI_Handler)
    PendSV_Handler                           0x080049b9   Thumb Code     2  stm32f7xx_it.o(i.PendSV_Handler)
    ReadBlockData                            0x080049bd   Thumb Code   150  m294.o(i.ReadBlockData)
    SVC_Handler                              0x08004a61   Thumb Code     2  stm32f7xx_it.o(i.SVC_Handler)
    Set_Steering_anticlockwise               0x08004a63   Thumb Code    94  snow.o(i.Set_Steering_anticlockwise)
    Set_Steering_clockwise                   0x08004ac1   Thumb Code    94  snow.o(i.Set_Steering_clockwise)
    Set_Steering_stop                        0x08004b1f   Thumb Code    94  snow.o(i.Set_Steering_stop)
    Steering_Init                            0x08004b7d   Thumb Code    26  snow.o(i.Steering_Init)
    SysTick_Handler                          0x08004b9d   Thumb Code     8  stm32f7xx_it.o(i.SysTick_Handler)
    SystemClock_Config                       0x08004ba5   Thumb Code   170  main.o(i.SystemClock_Config)
    SystemInit                               0x08004c59   Thumb Code    14  system_stm32f7xx.o(i.SystemInit)
    TIM3CaptureChannel1Callback              0x08004c6d   Thumb Code   808  wheel_encode.o(i.TIM3CaptureChannel1Callback)
    TIM3CaptureChannel3Callback              0x08004fc9   Thumb Code   808  wheel_encode.o(i.TIM3CaptureChannel3Callback)
    TIM3_IRQHandler                          0x08005325   Thumb Code    10  stm32f7xx_it.o(i.TIM3_IRQHandler)
    TIM3_IcOverflowCntCallback               0x08005335   Thumb Code    66  wheel_encode.o(i.TIM3_IcOverflowCntCallback)
    TIM4_IRQHandler                          0x08005381   Thumb Code    58  usmart.o(i.TIM4_IRQHandler)
    TIM5CaptureChannel1Callback              0x080053c5   Thumb Code   808  wheel_encode.o(i.TIM5CaptureChannel1Callback)
    TIM5CaptureChannel3Callback              0x08005721   Thumb Code   808  wheel_encode.o(i.TIM5CaptureChannel3Callback)
    TIM5_IRQHandler                          0x08005a7d   Thumb Code    10  stm32f7xx_it.o(i.TIM5_IRQHandler)
    TIM5_IcOverflowCntCallback               0x08005a8d   Thumb Code    66  wheel_encode.o(i.TIM5_IcOverflowCntCallback)
    TIM6_DAC_IRQHandler                      0x08005ad9   Thumb Code    14  stm32f7xx_it.o(i.TIM6_DAC_IRQHandler)
    TIM_Base_SetConfig                       0x08005aed   Thumb Code   170  stm32f7xx_hal_tim.o(i.TIM_Base_SetConfig)
    TIM_CCxChannelCmd                        0x08005bc5   Thumb Code    34  stm32f7xx_hal_tim.o(i.TIM_CCxChannelCmd)
    TIM_ETR_SetConfig                        0x08005be7   Thumb Code    22  stm32f7xx_hal_tim.o(i.TIM_ETR_SetConfig)
    TIM_IRQ                                  0x08005bfd   Thumb Code   152  time_cnt.o(i.TIM_IRQ)
    TIM_OC2_SetConfig                        0x08005d35   Thumb Code   114  stm32f7xx_hal_tim.o(i.TIM_OC2_SetConfig)
    TIM_TI1_SetConfig                        0x08005f55   Thumb Code   114  stm32f7xx_hal_tim.o(i.TIM_TI1_SetConfig)
    Timer4_Init                              0x080060bd   Thumb Code    80  usmart.o(i.Timer4_Init)
    UART5_IRQHandler                         0x08006119   Thumb Code    10  stm32f7xx_it.o(i.UART5_IRQHandler)
    UART7_IRQHandler                         0x08006129   Thumb Code    10  stm32f7xx_it.o(i.UART7_IRQHandler)
    UART8_IRQHandler                         0x08006139   Thumb Code    10  stm32f7xx_it.o(i.UART8_IRQHandler)
    UART_AdvFeatureConfig                    0x08006149   Thumb Code   248  stm32f7xx_hal_uart.o(i.UART_AdvFeatureConfig)
    UART_CheckIdleState                      0x08006241   Thumb Code    80  stm32f7xx_hal_uart.o(i.UART_CheckIdleState)
    UART_SetConfig                           0x080064e1   Thumb Code   782  stm32f7xx_hal_uart.o(i.UART_SetConfig)
    UART_Start_Receive_IT                    0x0800681d   Thumb Code   234  stm32f7xx_hal_uart.o(i.UART_Start_Receive_IT)
    UART_WaitOnFlagUntilTimeout              0x08006911   Thumb Code   252  stm32f7xx_hal_uart.o(i.UART_WaitOnFlagUntilTimeout)
    USART1_IRQHandler                        0x08006a0d   Thumb Code    14  stm32f7xx_it.o(i.USART1_IRQHandler)
    USART1_myIRQHandler                      0x08006a21   Thumb Code    60  usart.o(i.USART1_myIRQHandler)
    USART3_IRQHandler                        0x08006a69   Thumb Code    10  stm32f7xx_it.o(i.USART3_IRQHandler)
    USART6_IRQHandler                        0x08006a79   Thumb Code    14  stm32f7xx_it.o(i.USART6_IRQHandler)
    UsageFault_Handler                       0x08006a8d   Thumb Code     4  stm32f7xx_it.o(i.UsageFault_Handler)
    __0printf                                0x08006a91   Thumb Code    22  printfa.o(i.__0printf)
    __1printf                                0x08006a91   Thumb Code     0  printfa.o(i.__0printf)
    __2printf                                0x08006a91   Thumb Code     0  printfa.o(i.__0printf)
    __c89printf                              0x08006a91   Thumb Code     0  printfa.o(i.__0printf)
    printf                                   0x08006a91   Thumb Code     0  printfa.o(i.__0printf)
    __ARM_fpclassify                         0x08006ab1   Thumb Code    48  fpclassify.o(i.__ARM_fpclassify)
    __hardfp_cos                             0x08006b19   Thumb Code   180  cos.o(i.__hardfp_cos)
    __hardfp_sin                             0x08006be1   Thumb Code   180  sin.o(i.__hardfp_sin)
    __ieee754_rem_pio2                       0x08006ca9   Thumb Code   938  rred.o(i.__ieee754_rem_pio2)
    __kernel_cos                             0x080070e1   Thumb Code   322  cos_i.o(i.__kernel_cos)
    __kernel_poly                            0x08007251   Thumb Code   248  poly.o(i.__kernel_poly)
    __kernel_sin                             0x08007349   Thumb Code   280  sin_i.o(i.__kernel_sin)
    __mathlib_dbl_infnan                     0x08007479   Thumb Code    20  dunder.o(i.__mathlib_dbl_infnan)
    __mathlib_dbl_invalid                    0x08007491   Thumb Code    24  dunder.o(i.__mathlib_dbl_invalid)
    __mathlib_dbl_underflow                  0x080074b1   Thumb Code    24  dunder.o(i.__mathlib_dbl_underflow)
    __scatterload_copy                       0x080074d1   Thumb Code    14  handlers.o(i.__scatterload_copy)
    __scatterload_null                       0x080074df   Thumb Code     2  handlers.o(i.__scatterload_null)
    __scatterload_zeroinit                   0x080074e1   Thumb Code    14  handlers.o(i.__scatterload_zeroinit)
    __set_errno                              0x080074f1   Thumb Code     6  errno.o(i.__set_errno)
    avoid_object_blue                        0x08007d89   Thumb Code   322  journey.o(i.avoid_object_blue)
    avoid_object_red                         0x08007ef1   Thumb Code   306  journey.o(i.avoid_object_red)
    back_home_by_speed                       0x0800804d   Thumb Code   372  journey.o(i.back_home_by_speed)
    blue_or_red                              0x080081e1   Thumb Code   134  journey.o(i.blue_or_red)
    chassis_synthetic_control                0x0800827d   Thumb Code   832  wheel.o(i.chassis_synthetic_control)
    cmd_action_group_run                     0x08008611   Thumb Code    60  lsc.o(i.cmd_action_group_run)
    cmd_action_group_speed                   0x08008651   Thumb Code    60  lsc.o(i.cmd_action_group_speed)
    count_rowbar_message                     0x08008691   Thumb Code    26  bar.o(i.count_rowbar_message)
    count_verticalbar_message                0x080086b1   Thumb Code    26  bar.o(i.count_verticalbar_message)
    delay_init                               0x080086d1   Thumb Code    36  time_delay.o(i.delay_init)
    delay_ms                                 0x08008705   Thumb Code    76  time_delay.o(i.delay_ms)
    distinguish_blue                         0x08008755   Thumb Code    48  openmv.o(i.distinguish_blue)
    distinguish_red                          0x08008789   Thumb Code    48  openmv.o(i.distinguish_red)
    fabs                                     0x080087bd   Thumb Code    24  fabs.o(i.fabs)
    final_Catch_disc_blue                    0x080087d5   Thumb Code   916  journey.o(i.final_Catch_disc_blue)
    final_Catch_disc_red                     0x08008b81   Thumb Code   912  journey.o(i.final_Catch_disc_red)
    fputc                                    0x08008f29   Thumb Code    20  usart.o(i.fputc)
    get_qrcode                               0x08008f41   Thumb Code   170  journey.o(i.get_qrcode)
    get_scores_qrcode_blue                   0x08009005   Thumb Code  2158  journey.o(i.get_scores_qrcode_blue)
    get_scores_qrcode_red                    0x08009875   Thumb Code  2162  journey.o(i.get_scores_qrcode_red)
    hit_bar_blue                             0x0800a0e9   Thumb Code   144  journey.o(i.hit_bar_blue)
    hit_bar_red                              0x0800a189   Thumb Code   144  journey.o(i.hit_bar_red)
    imu_calibration                          0x0800a229   Thumb Code    98  imu_task.o(i.imu_calibration)
    imu_pid                                  0x0800a29d   Thumb Code   198  imu_task.o(i.imu_pid)
    imu_pid_data_init                        0x0800a381   Thumb Code    84  imu_task.o(i.imu_pid_data_init)
    main                                     0x0800a3d9   Thumb Code   226  main.o(i.main)
    motor1_Enable                            0x0800a515   Thumb Code    66  wheel_config.o(i.motor1_Enable)
    motor2_Enable                            0x0800a565   Thumb Code    68  wheel_config.o(i.motor2_Enable)
    motor3_Enable                            0x0800a5b5   Thumb Code    68  wheel_config.o(i.motor3_Enable)
    motor4_Enable                            0x0800a605   Thumb Code    68  wheel_config.o(i.motor4_Enable)
    motor_pid_data_init                      0x0800a655   Thumb Code    84  wheel_task.o(i.motor_pid_data_init)
    move_by_encoder                          0x0800a6ad   Thumb Code   768  wheel.o(i.move_by_encoder)
    move_to_bar_left_blue                    0x0800a9e5   Thumb Code    72  journey.o(i.move_to_bar_left_blue)
    move_to_bar_right_red                    0x0800aa3d   Thumb Code    72  journey.o(i.move_to_bar_right_red)
    pid_incremental                          0x0800aa95   Thumb Code   350  pid.o(i.pid_incremental)
    pid_positional                           0x0800ac0d   Thumb Code   358  pid.o(i.pid_positional)
    read_addr                                0x0800ad85   Thumb Code     6  usmart.o(i.read_addr)
    read_freq                                0x0800ad8b   Thumb Code    36  wheel_task.o(i.read_freq)
    read_rowbar                              0x0800adb1   Thumb Code   174  bar.o(i.read_rowbar)
    read_verticalbar                         0x0800ae71   Thumb Code   180  bar.o(i.read_verticalbar)
    receive_imu901_IRQ                       0x0800af39   Thumb Code    34  imu.o(i.receive_imu901_IRQ)
    receive_imu901_Init                      0x0800af65   Thumb Code    20  imu.o(i.receive_imu901_Init)
    recivem294_IRQ                           0x0800af81   Thumb Code    62  m294.o(i.recivem294_IRQ)
    rode_blue_test                           0x0800afd5   Thumb Code   562  journey.o(i.rode_blue_test)
    rode_red_test                            0x0800b22d   Thumb Code   124  journey.o(i.rode_red_test)
    run_to_scores_red                        0x0800b2b1   Thumb Code   202  journey.o(i.run_to_scores_red)
    run_to_stairs_blue                       0x0800b399   Thumb Code    58  journey.o(i.run_to_stairs_blue)
    run_to_stairs_red                        0x0800b3e1   Thumb Code    60  journey.o(i.run_to_stairs_red)
    servogroup_Init                          0x0800b425   Thumb Code    12  lsc.o(i.servogroup_Init)
    servogroup_Stepped_distinguish           0x0800b431   Thumb Code    22  lsc.o(i.servogroup_Stepped_distinguish)
    servogroup_catch_Steppedplatform_1       0x0800b447   Thumb Code    20  lsc.o(i.servogroup_catch_Steppedplatform_1)
    servogroup_catch_Steppedplatform_2       0x0800b45b   Thumb Code    20  lsc.o(i.servogroup_catch_Steppedplatform_2)
    servogroup_catch_Steppedplatform_3       0x0800b46f   Thumb Code    20  lsc.o(i.servogroup_catch_Steppedplatform_3)
    servogroup_catch_Steppedplatform_4       0x0800b483   Thumb Code    20  lsc.o(i.servogroup_catch_Steppedplatform_4)
    servogroup_catch_Steppedplatform_5       0x0800b497   Thumb Code    20  lsc.o(i.servogroup_catch_Steppedplatform_5)
    servogroup_catch_Steppedplatform_6       0x0800b4ab   Thumb Code    20  lsc.o(i.servogroup_catch_Steppedplatform_6)
    servogroup_catch_Stripplatform           0x0800b4bf   Thumb Code    22  lsc.o(i.servogroup_catch_Stripplatform)
    servogroup_ic_Stripplatform              0x0800b4d5   Thumb Code    20  lsc.o(i.servogroup_ic_Stripplatform)
    set_chassis_speed                        0x0800b4e9   Thumb Code    16  wheel.o(i.set_chassis_speed)
    set_imu_status                           0x0800b4fd   Thumb Code     4  imu_task.o(i.set_imu_status)
    set_motor                                0x0800b501   Thumb Code    18  wheel_config.o(i.set_motor)
    set_motor1val                            0x0800b519   Thumb Code     8  wheel_config.o(i.set_motor1val)
    set_motor_speed                          0x0800b525   Thumb Code   390  wheel_pwm.o(i.set_motor_speed)
    span                                     0x0800b6b1   Thumb Code   200  turn_task.o(i.span)
    span_find_flag                           0x0800b78d   Thumb Code    74  turn_task.o(i.span_find_flag)
    span_find_zero                           0x0800b7e5   Thumb Code    94  turn_task.o(i.span_find_zero)
    span_init                                0x0800b851   Thumb Code    30  turn_task.o(i.span_init)
    stack_transfer_blue                      0x0800b871   Thumb Code  1184  stack_transfer.o(i.stack_transfer_blue)
    stack_transfer_red                       0x0800bd1d   Thumb Code  1204  stack_transfer.o(i.stack_transfer_red)
    tell_claw_to_catch                       0x0800c1dd   Thumb Code    54  openmv.o(i.tell_claw_to_catch)
    tell_openmv_to_distinguish_Stepped       0x0800c219   Thumb Code    48  openmv.o(i.tell_openmv_to_distinguish_Stepped)
    tell_openmv_to_distinguish_Strip         0x0800c24d   Thumb Code    46  openmv.o(i.tell_openmv_to_distinguish_Strip)
    tell_openmv_to_loosen                    0x0800c281   Thumb Code    46  openmv.o(i.tell_openmv_to_loosen)
    tell_openmv_to_loosen2                   0x0800c2b5   Thumb Code    46  openmv.o(i.tell_openmv_to_loosen2)
    tell_openmv_to_loosen3                   0x0800c2e9   Thumb Code    46  openmv.o(i.tell_openmv_to_loosen3)
    tell_openmv_to_transfer                  0x0800c31d   Thumb Code    48  openmv.o(i.tell_openmv_to_transfer)
    tell_openmv_to_transfer_blue             0x0800c351   Thumb Code    48  openmv.o(i.tell_openmv_to_transfer_blue)
    tell_openmv_to_transfer_red              0x0800c385   Thumb Code    48  openmv.o(i.tell_openmv_to_transfer_red)
    track_pid_data_init                      0x0800c3b9   Thumb Code    84  track_task.o(i.track_pid_data_init)
    unpacked_imu901                          0x0800c411   Thumb Code   238  imu.o(i.unpacked_imu901)
    usmart_cmd_rec                           0x0800c511   Thumb Code   170  usmart.o(i.usmart_cmd_rec)
    usmart_exe                               0x0800c5c1   Thumb Code   632  usmart.o(i.usmart_exe)
    usmart_get_aparm                         0x0800c895   Thumb Code   212  usmart_str.o(i.usmart_get_aparm)
    usmart_get_cmdname                       0x0800c969   Thumb Code    54  usmart_str.o(i.usmart_get_cmdname)
    usmart_get_fname                         0x0800c9a1   Thumb Code   440  usmart_str.o(i.usmart_get_fname)
    usmart_get_fparam                        0x0800cb61   Thumb Code   262  usmart_str.o(i.usmart_get_fparam)
    usmart_get_parmpos                       0x0800cc6d   Thumb Code    26  usmart_str.o(i.usmart_get_parmpos)
    usmart_get_runtime                       0x0800cc8d   Thumb Code    58  usmart.o(i.usmart_get_runtime)
    usmart_init                              0x0800ccd1   Thumb Code    36  usmart.o(i.usmart_init)
    usmart_pow                               0x0800ccf9   Thumb Code    22  usmart_str.o(i.usmart_pow)
    usmart_reset_runtime                     0x0800cd11   Thumb Code    44  usmart.o(i.usmart_reset_runtime)
    usmart_scan                              0x0800cd45   Thumb Code   120  usmart.o(i.usmart_scan)
    usmart_search_nextc                      0x0800ce01   Thumb Code    22  usmart_str.o(i.usmart_search_nextc)
    usmart_str2num                           0x0800ce17   Thumb Code   262  usmart_str.o(i.usmart_str2num)
    usmart_strcmp                            0x0800cf1d   Thumb Code    34  usmart_str.o(i.usmart_strcmp)
    usmart_strcopy                           0x0800cf3f   Thumb Code    22  usmart_str.o(i.usmart_strcopy)
    usmart_strlen                            0x0800cf55   Thumb Code    24  usmart_str.o(i.usmart_strlen)
    usmart_sys_cmd_exe                       0x0800cf6d   Thumb Code  1570  usmart.o(i.usmart_sys_cmd_exe)
    write_addr                               0x0800d661   Thumb Code     4  usmart.o(i.write_addr)
    AHBPrescTable                            0x0800d664   Data          16  system_stm32f7xx.o(.constdata)
    APBPrescTable                            0x0800d674   Data           8  system_stm32f7xx.o(.constdata)
    Region$$Table$$Base                      0x0800d910   Number         0  anon$$obj.o(Region$$Table)
    Region$$Table$$Limit                     0x0800d930   Number         0  anon$$obj.o(Region$$Table)
    Buffer                                   0x20000000   Data           1  main.o(.data)
    M294_Rx_buffer                           0x20000001   Data           1  main.o(.data)
    qrcode_Rx_buffer                         0x20000002   Data           1  main.o(.data)
    openmv_Rx_buffer                         0x20000003   Data           1  main.o(.data)
    USART_RX_STA                             0x20000004   Data           2  usart.o(.data)
    aRxBuffer                                0x20000006   Data           1  usart.o(.data)
    uwTick                                   0x20000008   Data           4  stm32f7xx_hal.o(.data)
    uwTickPrio                               0x2000000c   Data           4  stm32f7xx_hal.o(.data)
    uwTickFreq                               0x20000010   Data           1  stm32f7xx_hal.o(.data)
    SystemCoreClock                          0x20000014   Data           4  system_stm32f7xx.o(.data)
    encoder                                  0x20000018   Data           4  wheel_encode.o(.data)
    motor1_pid_paramer                       0x200000a8   Data          20  wheel_task.o(.data)
    motor2_pid_paramer                       0x200000bc   Data          20  wheel_task.o(.data)
    motor3_pid_paramer                       0x200000d0   Data          20  wheel_task.o(.data)
    motor4_pid_paramer                       0x200000e4   Data          20  wheel_task.o(.data)
    time                                     0x200000f8   Data           4  wheel.o(.data)
    time_count                               0x200000fc   Data           2  wheel.o(.data)
    val_track_row                            0x20000100   Data           4  wheel.o(.data)
    val_track_vertical                       0x20000104   Data           4  wheel.o(.data)
    val_imu                                  0x20000108   Data           4  wheel.o(.data)
    flag                                     0x20000118   Data           1  journey.o(.data)
    height                                   0x20000119   Data           1  journey.o(.data)
    red_bit                                  0x2000011a   Data           1  journey.o(.data)
    blue_bit                                 0x2000011b   Data           1  journey.o(.data)
    putBallOrder                             0x2000011c   Data           9  journey.o(.data)
    sys_cmd_tab                              0x20000128   Data          28  usmart.o(.data)
    usmart_nametab                           0x20000144   Data          72  usmart_config.o(.data)
    usmart_dev                               0x2000018c   Data         244  usmart_config.o(.data)
    Iout                                     0x20000280   Data           4  pid.o(.data)
    Pout                                     0x20000284   Data           4  pid.o(.data)
    Dout                                     0x20000288   Data           4  pid.o(.data)
    TIME_ISR_CNT                             0x2000028c   Data           4  time_cnt.o(.data)
    waittime                                 0x20000290   Data           4  time_cnt.o(.data)
    Time_Sys                                 0x20000294   Data           8  time_cnt.o(.data)
    IMU901_Rx_buffer                         0x200002ad   Data           1  imu.o(.data)
    if_imu_open                              0x200002ae   Data           1  imu.o(.data)
    imu_pid_paramer                          0x200002b4   Data          20  imu_task.o(.data)
    vertical_bar                             0x200002c8   Data          20  bar.o(.data)
    Uart6RxDataConut                         0x200002dc   Data           1  m294.o(.data)
    Rx6Flag                                  0x200002dd   Data           1  m294.o(.data)
    span_flag                                0x200002e0   Data           1  turn_task.o(.data)
    openmv                                   0x200002e8   Data           8  openmv.o(.data)
    OPENMV_Rx_BUF                            0x200002f0   Data           6  openmv.o(.data)
    qrcode                                   0x200002f8   Data           8  qrcode.o(.data)
    Uart2RxDataConut                         0x20000300   Data           1  qrcode.o(.data)
    Rx2Flag                                  0x20000301   Data           1  qrcode.o(.data)
    if_ball                                  0x20000304   Data           1  stack_transfer.o(.data)
    cnt                                      0x20000308   Data           4  stack_transfer.o(.data)
    error_red_1                              0x2000030c   Data           4  stack_transfer.o(.data)
    error_red_2                              0x20000310   Data           4  stack_transfer.o(.data)
    error_red_3                              0x20000314   Data           4  stack_transfer.o(.data)
    __stdout                                 0x20000318   Data           4  stdout.o(.data)
    htim1                                    0x20000320   Data          76  tim.o(.bss)
    htim2                                    0x2000036c   Data          76  tim.o(.bss)
    htim3                                    0x200003b8   Data          76  tim.o(.bss)
    htim5                                    0x20000404   Data          76  tim.o(.bss)
    htim6                                    0x20000450   Data          76  tim.o(.bss)
    htim8                                    0x2000049c   Data          76  tim.o(.bss)
    USART_RX_BUF                             0x200004e8   Data         200  usart.o(.bss)
    huart5                                   0x200005b0   Data         136  usart.o(.bss)
    huart7                                   0x20000638   Data         136  usart.o(.bss)
    huart8                                   0x200006c0   Data         136  usart.o(.bss)
    huart1                                   0x20000748   Data         136  usart.o(.bss)
    huart3                                   0x200007d0   Data         136  usart.o(.bss)
    huart6                                   0x20000858   Data         136  usart.o(.bss)
    motor1                                   0x200008e0   Data          36  wheel_config.o(.bss)
    motor2                                   0x20000904   Data          36  wheel_config.o(.bss)
    motor3                                   0x20000928   Data          36  wheel_config.o(.bss)
    motor4                                   0x2000094c   Data          36  wheel_config.o(.bss)
    motor1_pid_data                          0x20000970   Data          64  wheel_task.o(.bss)
    motor2_pid_data                          0x200009b0   Data          64  wheel_task.o(.bss)
    motor3_pid_data                          0x200009f0   Data          64  wheel_task.o(.bss)
    motor4_pid_data                          0x20000a30   Data          64  wheel_task.o(.bss)
    chassis_param                            0x20000a70   Data          16  wheel.o(.bss)
    motor_target                             0x20000a80   Data          40  wheel.o(.bss)
    TIM4_Handler                             0x20000aa8   Data          76  usmart.o(.bss)
    attitude                                 0x20000af4   Data          28  imu.o(.bss)
    rxPacket_imu901                          0x20000b10   Data          11  imu.o(.bss)
    imu_pid_data                             0x20000b1c   Data          64  imu_task.o(.bss)
    track_pid_data                           0x20000b5c   Data          64  track_task.o(.bss)
    row_bar                                  0x20000b9c   Data          20  bar.o(.bss)
    rowbar                                   0x20000bb0   Data           9  bar.o(.bss)
    verticalbar                              0x20000bb9   Data           9  bar.o(.bss)
    Uart6RxBuf                               0x20000bc2   Data          30  m294.o(.bss)
    ballID                                   0x20000be0   Data          16  m294.o(.bss)
    turnover_steering                        0x20000bf0   Data          12  snow.o(.bss)
    __initial_sp                             0x20001000   Data           0  startup_stm32f750xx.o(STACK)



==============================================================================

Memory Map of the image

  Image Entry point : 0x080001c9

  Load Region LR_IROM1 (Base: 0x08000000, Size: 0x0000dc50, Max: 0x00010000, ABSOLUTE, COMPRESSED[0x0000d9d8])

    Execution Region ER_IROM1 (Exec base: 0x08000000, Load base: 0x08000000, Size: 0x0000d930, Max: 0x00010000, ABSOLUTE)

    Exec Addr    Load Addr    Size         Type   Attr      Idx    E Section Name        Object

    0x08000000   0x08000000   0x000001c8   Data   RO            3    RESET               startup_stm32f750xx.o
    0x080001c8   0x080001c8   0x00000000   Code   RO         5453  * .ARM.Collect$$$$00000000  mc_w.l(entry.o)
    0x080001c8   0x080001c8   0x00000004   Code   RO         5771    .ARM.Collect$$$$00000001  mc_w.l(entry2.o)
    0x080001cc   0x080001cc   0x00000004   Code   RO         5774    .ARM.Collect$$$$00000004  mc_w.l(entry5.o)
    0x080001d0   0x080001d0   0x00000000   Code   RO         5776    .ARM.Collect$$$$00000008  mc_w.l(entry7b.o)
    0x080001d0   0x080001d0   0x00000000   Code   RO         5778    .ARM.Collect$$$$0000000A  mc_w.l(entry8b.o)
    0x080001d0   0x080001d0   0x00000008   Code   RO         5779    .ARM.Collect$$$$0000000B  mc_w.l(entry9a.o)
    0x080001d8   0x080001d8   0x00000004   Code   RO         5786    .ARM.Collect$$$$0000000E  mc_w.l(entry12b.o)
    0x080001dc   0x080001dc   0x00000000   Code   RO         5781    .ARM.Collect$$$$0000000F  mc_w.l(entry10a.o)
    0x080001dc   0x080001dc   0x00000000   Code   RO         5783    .ARM.Collect$$$$00000011  mc_w.l(entry11a.o)
    0x080001dc   0x080001dc   0x00000004   Code   RO         5772    .ARM.Collect$$$$00002712  mc_w.l(entry2.o)
    0x080001e0   0x080001e0   0x00000024   Code   RO            4    .text               startup_stm32f750xx.o
    0x08000204   0x08000204   0x00000062   Code   RO         5456    .text               mc_w.l(uldiv.o)
    0x08000266   0x08000266   0x00000024   Code   RO         5458    .text               mc_w.l(memseta.o)
    0x0800028a   0x0800028a   0x0000014e   Code   RO         5721    .text               mf_w.l(dadd.o)
    0x080003d8   0x080003d8   0x000000e4   Code   RO         5723    .text               mf_w.l(dmul.o)
    0x080004bc   0x080004bc   0x000000de   Code   RO         5725    .text               mf_w.l(ddiv.o)
    0x0800059a   0x0800059a   0x00000022   Code   RO         5729    .text               mf_w.l(dflti.o)
    0x080005bc   0x080005bc   0x0000001a   Code   RO         5731    .text               mf_w.l(dfltui.o)
    0x080005d6   0x080005d6   0x0000003e   Code   RO         5733    .text               mf_w.l(dfixi.o)
    0x08000614   0x08000614   0x00000026   Code   RO         5735    .text               mf_w.l(f2d.o)
    0x0800063a   0x0800063a   0x00000002   PAD
    0x0800063c   0x0800063c   0x00000030   Code   RO         5737    .text               mf_w.l(cdcmple.o)
    0x0800066c   0x0800066c   0x00000030   Code   RO         5739    .text               mf_w.l(cdrcmple.o)
    0x0800069c   0x0800069c   0x00000038   Code   RO         5741    .text               mf_w.l(d2f.o)
    0x080006d4   0x080006d4   0x0000002c   Code   RO         5788    .text               mc_w.l(uidiv.o)
    0x08000700   0x08000700   0x0000001e   Code   RO         5790    .text               mc_w.l(llshl.o)
    0x0800071e   0x0800071e   0x00000020   Code   RO         5792    .text               mc_w.l(llushr.o)
    0x0800073e   0x0800073e   0x00000024   Code   RO         5794    .text               mc_w.l(llsshr.o)
    0x08000762   0x08000762   0x00000000   Code   RO         5803    .text               mc_w.l(iusefp.o)
    0x08000762   0x08000762   0x0000006e   Code   RO         5804    .text               mf_w.l(fepilogue.o)
    0x080007d0   0x080007d0   0x000000ba   Code   RO         5806    .text               mf_w.l(depilogue.o)
    0x0800088a   0x0800088a   0x00000030   Code   RO         5808    .text               mf_w.l(dfixul.o)
    0x080008ba   0x080008ba   0x00000002   PAD
    0x080008bc   0x080008bc   0x00000024   Code   RO         5820    .text               mc_w.l(init.o)
    0x080008e0   0x080008e0   0x00000056   Code   RO         5830    .text               mc_w.l(__dczerorl2.o)
    0x08000936   0x08000936   0x00000004   Code   RO          463    i.BusFault_Handler  stm32f7xx_it.o
    0x0800093a   0x0800093a   0x00000002   PAD
    0x0800093c   0x0800093c   0x0000056c   Code   RO         4141    i.Catch_Steppedplatform_blue  journey.o
    0x08000ea8   0x08000ea8   0x00000568   Code   RO         4142    i.Catch_Steppedplatform_red  journey.o
    0x08001410   0x08001410   0x00000002   Code   RO          464    i.DebugMon_Handler  stm32f7xx_it.o
    0x08001412   0x08001412   0x00000006   Code   RO           13    i.Error_Handler     main.o
    0x08001418   0x08001418   0x00000048   Code   RO         4660    i.Get_Time_Period   time_cnt.o
    0x08001460   0x08001460   0x00000040   Code   RO         4737    i.Get_imu901        imu.o
    0x080014a0   0x080014a0   0x0000002c   Code   RO         5110    i.Get_openmv        openmv.o
    0x080014cc   0x080014cc   0x000000ac   Code   RO         2221    i.HAL_DMA_Abort     stm32f7xx_hal_dma.o
    0x08001578   0x08001578   0x00000028   Code   RO         2222    i.HAL_DMA_Abort_IT  stm32f7xx_hal_dma.o
    0x080015a0   0x080015a0   0x00000028   Code   RO         2588    i.HAL_Delay         stm32f7xx_hal.o
    0x080015c8   0x080015c8   0x0000020c   Code   RO         2155    i.HAL_GPIO_Init     stm32f7xx_hal_gpio.o
    0x080017d4   0x080017d4   0x00000010   Code   RO         2157    i.HAL_GPIO_ReadPin  stm32f7xx_hal_gpio.o
    0x080017e4   0x080017e4   0x0000000c   Code   RO         2596    i.HAL_GetTick       stm32f7xx_hal.o
    0x080017f0   0x080017f0   0x00000018   Code   RO         2602    i.HAL_IncTick       stm32f7xx_hal.o
    0x08001808   0x08001808   0x00000016   Code   RO         2603    i.HAL_Init          stm32f7xx_hal.o
    0x0800181e   0x0800181e   0x00000002   PAD
    0x08001820   0x08001820   0x0000004c   Code   RO         2604    i.HAL_InitTick      stm32f7xx_hal.o
    0x0800186c   0x0800186c   0x00000040   Code   RO          593    i.HAL_MspInit       stm32f7xx_hal_msp.o
    0x080018ac   0x080018ac   0x00000020   Code   RO          622    i.HAL_NVIC_EnableIRQ  stm32f7xx_hal_cortex.o
    0x080018cc   0x080018cc   0x0000007c   Code   RO          628    i.HAL_NVIC_SetPriority  stm32f7xx_hal_cortex.o
    0x08001948   0x08001948   0x00000028   Code   RO          629    i.HAL_NVIC_SetPriorityGrouping  stm32f7xx_hal_cortex.o
    0x08001970   0x08001970   0x00000090   Code   RO         2495    i.HAL_PWREx_EnableOverDrive  stm32f7xx_hal_pwr_ex.o
    0x08001a00   0x08001a00   0x000006e4   Code   RO         1871    i.HAL_RCCEx_PeriphCLKConfig  stm32f7xx_hal_rcc_ex.o
    0x080020e4   0x080020e4   0x00000194   Code   RO         1764    i.HAL_RCC_ClockConfig  stm32f7xx_hal_rcc.o
    0x08002278   0x08002278   0x0000000c   Code   RO         1769    i.HAL_RCC_GetHCLKFreq  stm32f7xx_hal_rcc.o
    0x08002284   0x08002284   0x00000020   Code   RO         1771    i.HAL_RCC_GetPCLK1Freq  stm32f7xx_hal_rcc.o
    0x080022a4   0x080022a4   0x00000020   Code   RO         1772    i.HAL_RCC_GetPCLK2Freq  stm32f7xx_hal_rcc.o
    0x080022c4   0x080022c4   0x000000b0   Code   RO         1773    i.HAL_RCC_GetSysClockFreq  stm32f7xx_hal_rcc.o
    0x08002374   0x08002374   0x00000504   Code   RO         1776    i.HAL_RCC_OscConfig  stm32f7xx_hal_rcc.o
    0x08002878   0x08002878   0x00000034   Code   RO          633    i.HAL_SYSTICK_Config  stm32f7xx_hal_cortex.o
    0x080028ac   0x080028ac   0x00000002   Code   RO         1484    i.HAL_TIMEx_Break2Callback  stm32f7xx_hal_tim_ex.o
    0x080028ae   0x080028ae   0x00000002   Code   RO         1485    i.HAL_TIMEx_BreakCallback  stm32f7xx_hal_tim_ex.o
    0x080028b0   0x080028b0   0x00000002   Code   RO         1486    i.HAL_TIMEx_CommutCallback  stm32f7xx_hal_tim_ex.o
    0x080028b2   0x080028b2   0x00000002   PAD
    0x080028b4   0x080028b4   0x000000b4   Code   RO         1488    i.HAL_TIMEx_ConfigBreakDeadTime  stm32f7xx_hal_tim_ex.o
    0x08002968   0x08002968   0x000000cc   Code   RO         1505    i.HAL_TIMEx_MasterConfigSynchronization  stm32f7xx_hal_tim_ex.o
    0x08002a34   0x08002a34   0x0000006e   Code   RO          759    i.HAL_TIM_Base_Init  stm32f7xx_hal_tim.o
    0x08002aa2   0x08002aa2   0x00000002   PAD
    0x08002aa4   0x08002aa4   0x000000c0   Code   RO          278    i.HAL_TIM_Base_MspInit  tim.o
    0x08002b64   0x08002b64   0x000000b4   Code   RO          764    i.HAL_TIM_Base_Start_IT  stm32f7xx_hal_tim.o
    0x08002c18   0x08002c18   0x00000110   Code   RO          768    i.HAL_TIM_ConfigClockSource  stm32f7xx_hal_tim.o
    0x08002d28   0x08002d28   0x0000012c   Code   RO         3945    i.HAL_TIM_IC_CaptureCallback  wheel_encode.o
    0x08002e54   0x08002e54   0x000000de   Code   RO          795    i.HAL_TIM_IC_ConfigChannel  stm32f7xx_hal_tim.o
    0x08002f32   0x08002f32   0x0000006e   Code   RO          798    i.HAL_TIM_IC_Init   stm32f7xx_hal_tim.o
    0x08002fa0   0x08002fa0   0x00000138   Code   RO          280    i.HAL_TIM_IC_MspInit  tim.o
    0x080030d8   0x080030d8   0x000001c8   Code   RO          803    i.HAL_TIM_IC_Start_IT  stm32f7xx_hal_tim.o
    0x080032a0   0x080032a0   0x000001b8   Code   RO          807    i.HAL_TIM_IRQHandler  stm32f7xx_hal_tim.o
    0x08003458   0x08003458   0x00000124   Code   RO          281    i.HAL_TIM_MspPostInit  tim.o
    0x0800357c   0x0800357c   0x00000002   Code   RO          810    i.HAL_TIM_OC_DelayElapsedCallback  stm32f7xx_hal_tim.o
    0x0800357e   0x0800357e   0x00000170   Code   RO          831    i.HAL_TIM_PWM_ConfigChannel  stm32f7xx_hal_tim.o
    0x080036ee   0x080036ee   0x0000006e   Code   RO          834    i.HAL_TIM_PWM_Init  stm32f7xx_hal_tim.o
    0x0800375c   0x0800375c   0x00000002   Code   RO          836    i.HAL_TIM_PWM_MspInit  stm32f7xx_hal_tim.o
    0x0800375e   0x0800375e   0x00000002   Code   RO          837    i.HAL_TIM_PWM_PulseFinishedCallback  stm32f7xx_hal_tim.o
    0x08003760   0x08003760   0x00000144   Code   RO          839    i.HAL_TIM_PWM_Start  stm32f7xx_hal_tim.o
    0x080038a4   0x080038a4   0x00000028   Code   RO         3946    i.HAL_TIM_PeriodElapsedCallback  wheel_encode.o
    0x080038cc   0x080038cc   0x00000032   Code   RO          847    i.HAL_TIM_ReadCapturedValue  stm32f7xx_hal_tim.o
    0x080038fe   0x080038fe   0x00000002   Code   RO          850    i.HAL_TIM_TriggerCallback  stm32f7xx_hal_tim.o
    0x08003900   0x08003900   0x00000002   Code   RO         3374    i.HAL_UARTEx_RxEventCallback  stm32f7xx_hal_uart.o
    0x08003902   0x08003902   0x00000002   Code   RO         3390    i.HAL_UART_ErrorCallback  stm32f7xx_hal_uart.o
    0x08003904   0x08003904   0x0000000e   Code   RO         3392    i.HAL_UART_GetState  stm32f7xx_hal_uart.o
    0x08003912   0x08003912   0x00000002   PAD
    0x08003914   0x08003914   0x00000334   Code   RO         3393    i.HAL_UART_IRQHandler  stm32f7xx_hal_uart.o
    0x08003c48   0x08003c48   0x00000074   Code   RO         3394    i.HAL_UART_Init     stm32f7xx_hal_uart.o
    0x08003cbc   0x08003cbc   0x000003ac   Code   RO          368    i.HAL_UART_MspInit  usart.o
    0x08004068   0x08004068   0x00000050   Code   RO         3399    i.HAL_UART_Receive_IT  stm32f7xx_hal_uart.o
    0x080040b8   0x080040b8   0x00000108   Code   RO          369    i.HAL_UART_RxCpltCallback  usart.o
    0x080041c0   0x080041c0   0x000000b2   Code   RO         3403    i.HAL_UART_Transmit  stm32f7xx_hal_uart.o
    0x08004272   0x08004272   0x00000002   Code   RO         3406    i.HAL_UART_TxCpltCallback  stm32f7xx_hal_uart.o
    0x08004274   0x08004274   0x00000004   Code   RO          465    i.HardFault_Handler  stm32f7xx_it.o
    0x08004278   0x08004278   0x0000017c   Code   RO          253    i.MX_GPIO_Init      gpio.o
    0x080043f4   0x080043f4   0x00000118   Code   RO          282    i.MX_TIM1_Init      tim.o
    0x0800450c   0x0800450c   0x000000d4   Code   RO          283    i.MX_TIM2_Init      tim.o
    0x080045e0   0x080045e0   0x0000008c   Code   RO          284    i.MX_TIM3_Init      tim.o
    0x0800466c   0x0800466c   0x0000008c   Code   RO          285    i.MX_TIM5_Init      tim.o
    0x080046f8   0x080046f8   0x0000004c   Code   RO          286    i.MX_TIM6_Init      tim.o
    0x08004744   0x08004744   0x000000ec   Code   RO          287    i.MX_TIM8_Init      tim.o
    0x08004830   0x08004830   0x00000040   Code   RO          370    i.MX_UART5_Init     usart.o
    0x08004870   0x08004870   0x00000040   Code   RO          371    i.MX_UART7_Init     usart.o
    0x080048b0   0x080048b0   0x00000040   Code   RO          372    i.MX_UART8_Init     usart.o
    0x080048f0   0x080048f0   0x00000040   Code   RO          373    i.MX_USART1_UART_Init  usart.o
    0x08004930   0x08004930   0x00000040   Code   RO          374    i.MX_USART3_UART_Init  usart.o
    0x08004970   0x08004970   0x00000040   Code   RO          375    i.MX_USART6_UART_Init  usart.o
    0x080049b0   0x080049b0   0x00000004   Code   RO          466    i.MemManage_Handler  stm32f7xx_it.o
    0x080049b4   0x080049b4   0x00000004   Code   RO          467    i.NMI_Handler       stm32f7xx_it.o
    0x080049b8   0x080049b8   0x00000002   Code   RO          468    i.PendSV_Handler    stm32f7xx_it.o
    0x080049ba   0x080049ba   0x00000002   PAD
    0x080049bc   0x080049bc   0x000000a4   Code   RO         4965    i.ReadBlockData     m294.o
    0x08004a60   0x08004a60   0x00000002   Code   RO          469    i.SVC_Handler       stm32f7xx_it.o
    0x08004a62   0x08004a62   0x0000005e   Code   RO         5009    i.Set_Steering_anticlockwise  snow.o
    0x08004ac0   0x08004ac0   0x0000005e   Code   RO         5010    i.Set_Steering_clockwise  snow.o
    0x08004b1e   0x08004b1e   0x0000005e   Code   RO         5011    i.Set_Steering_stop  snow.o
    0x08004b7c   0x08004b7c   0x00000020   Code   RO         5012    i.Steering_Init     snow.o
    0x08004b9c   0x08004b9c   0x00000008   Code   RO          470    i.SysTick_Handler   stm32f7xx_it.o
    0x08004ba4   0x08004ba4   0x000000b4   Code   RO           14    i.SystemClock_Config  main.o
    0x08004c58   0x08004c58   0x00000014   Code   RO         3817    i.SystemInit        system_stm32f7xx.o
    0x08004c6c   0x08004c6c   0x0000035c   Code   RO         3947    i.TIM3CaptureChannel1Callback  wheel_encode.o
    0x08004fc8   0x08004fc8   0x0000035c   Code   RO         3948    i.TIM3CaptureChannel3Callback  wheel_encode.o
    0x08005324   0x08005324   0x00000010   Code   RO          471    i.TIM3_IRQHandler   stm32f7xx_it.o
    0x08005334   0x08005334   0x0000004c   Code   RO         3949    i.TIM3_IcOverflowCntCallback  wheel_encode.o
    0x08005380   0x08005380   0x00000044   Code   RO         4419    i.TIM4_IRQHandler   usmart.o
    0x080053c4   0x080053c4   0x0000035c   Code   RO         3950    i.TIM5CaptureChannel1Callback  wheel_encode.o
    0x08005720   0x08005720   0x0000035c   Code   RO         3951    i.TIM5CaptureChannel3Callback  wheel_encode.o
    0x08005a7c   0x08005a7c   0x00000010   Code   RO          472    i.TIM5_IRQHandler   stm32f7xx_it.o
    0x08005a8c   0x08005a8c   0x0000004c   Code   RO         3952    i.TIM5_IcOverflowCntCallback  wheel_encode.o
    0x08005ad8   0x08005ad8   0x00000014   Code   RO          473    i.TIM6_DAC_IRQHandler  stm32f7xx_it.o
    0x08005aec   0x08005aec   0x000000d8   Code   RO          852    i.TIM_Base_SetConfig  stm32f7xx_hal_tim.o
    0x08005bc4   0x08005bc4   0x00000022   Code   RO          853    i.TIM_CCxChannelCmd  stm32f7xx_hal_tim.o
    0x08005be6   0x08005be6   0x00000016   Code   RO          863    i.TIM_ETR_SetConfig  stm32f7xx_hal_tim.o
    0x08005bfc   0x08005bfc   0x000000b0   Code   RO         4661    i.TIM_IRQ           time_cnt.o
    0x08005cac   0x08005cac   0x00000012   Code   RO          864    i.TIM_ITRx_SetConfig  stm32f7xx_hal_tim.o
    0x08005cbe   0x08005cbe   0x00000002   PAD
    0x08005cc0   0x08005cc0   0x00000074   Code   RO          865    i.TIM_OC1_SetConfig  stm32f7xx_hal_tim.o
    0x08005d34   0x08005d34   0x00000080   Code   RO          866    i.TIM_OC2_SetConfig  stm32f7xx_hal_tim.o
    0x08005db4   0x08005db4   0x0000007c   Code   RO          867    i.TIM_OC3_SetConfig  stm32f7xx_hal_tim.o
    0x08005e30   0x08005e30   0x00000058   Code   RO          868    i.TIM_OC4_SetConfig  stm32f7xx_hal_tim.o
    0x08005e88   0x08005e88   0x00000050   Code   RO          869    i.TIM_OC5_SetConfig  stm32f7xx_hal_tim.o
    0x08005ed8   0x08005ed8   0x00000054   Code   RO          870    i.TIM_OC6_SetConfig  stm32f7xx_hal_tim.o
    0x08005f2c   0x08005f2c   0x00000026   Code   RO          872    i.TIM_TI1_ConfigInputStage  stm32f7xx_hal_tim.o
    0x08005f52   0x08005f52   0x00000002   PAD
    0x08005f54   0x08005f54   0x00000090   Code   RO          873    i.TIM_TI1_SetConfig  stm32f7xx_hal_tim.o
    0x08005fe4   0x08005fe4   0x00000028   Code   RO          874    i.TIM_TI2_ConfigInputStage  stm32f7xx_hal_tim.o
    0x0800600c   0x0800600c   0x0000003a   Code   RO          875    i.TIM_TI2_SetConfig  stm32f7xx_hal_tim.o
    0x08006046   0x08006046   0x00000038   Code   RO          876    i.TIM_TI3_SetConfig  stm32f7xx_hal_tim.o
    0x0800607e   0x0800607e   0x0000003c   Code   RO          877    i.TIM_TI4_SetConfig  stm32f7xx_hal_tim.o
    0x080060ba   0x080060ba   0x00000002   PAD
    0x080060bc   0x080060bc   0x0000005c   Code   RO         4420    i.Timer4_Init       usmart.o
    0x08006118   0x08006118   0x00000010   Code   RO          474    i.UART5_IRQHandler  stm32f7xx_it.o
    0x08006128   0x08006128   0x00000010   Code   RO          475    i.UART7_IRQHandler  stm32f7xx_it.o
    0x08006138   0x08006138   0x00000010   Code   RO          476    i.UART8_IRQHandler  stm32f7xx_it.o
    0x08006148   0x08006148   0x000000f8   Code   RO         3408    i.UART_AdvFeatureConfig  stm32f7xx_hal_uart.o
    0x08006240   0x08006240   0x00000050   Code   RO         3409    i.UART_CheckIdleState  stm32f7xx_hal_uart.o
    0x08006290   0x08006290   0x00000018   Code   RO         3410    i.UART_DMAAbortOnError  stm32f7xx_hal_uart.o
    0x080062a8   0x080062a8   0x00000066   Code   RO         3420    i.UART_EndRxTransfer  stm32f7xx_hal_uart.o
    0x0800630e   0x0800630e   0x0000002e   Code   RO         3421    i.UART_EndTransmit_IT  stm32f7xx_hal_uart.o
    0x0800633c   0x0800633c   0x000000d4   Code   RO         3423    i.UART_RxISR_16BIT  stm32f7xx_hal_uart.o
    0x08006410   0x08006410   0x000000d0   Code   RO         3424    i.UART_RxISR_8BIT   stm32f7xx_hal_uart.o
    0x080064e0   0x080064e0   0x0000033c   Code   RO         3425    i.UART_SetConfig    stm32f7xx_hal_uart.o
    0x0800681c   0x0800681c   0x000000f4   Code   RO         3427    i.UART_Start_Receive_IT  stm32f7xx_hal_uart.o
    0x08006910   0x08006910   0x000000fc   Code   RO         3430    i.UART_WaitOnFlagUntilTimeout  stm32f7xx_hal_uart.o
    0x08006a0c   0x08006a0c   0x00000014   Code   RO          477    i.USART1_IRQHandler  stm32f7xx_it.o
    0x08006a20   0x08006a20   0x00000048   Code   RO          376    i.USART1_myIRQHandler  usart.o
    0x08006a68   0x08006a68   0x00000010   Code   RO          478    i.USART3_IRQHandler  stm32f7xx_it.o
    0x08006a78   0x08006a78   0x00000014   Code   RO          479    i.USART6_IRQHandler  stm32f7xx_it.o
    0x08006a8c   0x08006a8c   0x00000004   Code   RO          480    i.UsageFault_Handler  stm32f7xx_it.o
    0x08006a90   0x08006a90   0x00000020   Code   RO         5693    i.__0printf         mc_w.l(printfa.o)
    0x08006ab0   0x08006ab0   0x00000030   Code   RO         5816    i.__ARM_fpclassify  m_wm.l(fpclassify.o)
    0x08006ae0   0x08006ae0   0x00000010   Code   RO          635    i.__NVIC_GetPriorityGrouping  stm32f7xx_hal_cortex.o
    0x08006af0   0x08006af0   0x00000028   Code   RO          636    i.__NVIC_SetPriority  stm32f7xx_hal_cortex.o
    0x08006b18   0x08006b18   0x000000c8   Code   RO         5429    i.__hardfp_cos      m_wm.l(cos.o)
    0x08006be0   0x08006be0   0x000000c8   Code   RO         5441    i.__hardfp_sin      m_wm.l(sin.o)
    0x08006ca8   0x08006ca8   0x00000438   Code   RO         5760    i.__ieee754_rem_pio2  m_wm.l(rred.o)
    0x080070e0   0x080070e0   0x00000170   Code   RO         5743    i.__kernel_cos      m_wm.l(cos_i.o)
    0x08007250   0x08007250   0x000000f8   Code   RO         5818    i.__kernel_poly     m_wm.l(poly.o)
    0x08007348   0x08007348   0x00000130   Code   RO         5765    i.__kernel_sin      m_wm.l(sin_i.o)
    0x08007478   0x08007478   0x00000014   Code   RO         5747    i.__mathlib_dbl_infnan  m_wm.l(dunder.o)
    0x0800748c   0x0800748c   0x00000004   PAD
    0x08007490   0x08007490   0x00000020   Code   RO         5749    i.__mathlib_dbl_invalid  m_wm.l(dunder.o)
    0x080074b0   0x080074b0   0x00000020   Code   RO         5752    i.__mathlib_dbl_underflow  m_wm.l(dunder.o)
    0x080074d0   0x080074d0   0x0000000e   Code   RO         5824    i.__scatterload_copy  mc_w.l(handlers.o)
    0x080074de   0x080074de   0x00000002   Code   RO         5825    i.__scatterload_null  mc_w.l(handlers.o)
    0x080074e0   0x080074e0   0x0000000e   Code   RO         5826    i.__scatterload_zeroinit  mc_w.l(handlers.o)
    0x080074ee   0x080074ee   0x00000002   PAD
    0x080074f0   0x080074f0   0x0000000c   Code   RO         5798    i.__set_errno       mc_w.l(errno.o)
    0x080074fc   0x080074fc   0x00000184   Code   RO         5700    i._fp_digits        mc_w.l(printfa.o)
    0x08007680   0x08007680   0x000006b4   Code   RO         5701    i._printf_core      mc_w.l(printfa.o)
    0x08007d34   0x08007d34   0x00000024   Code   RO         5702    i._printf_post_padding  mc_w.l(printfa.o)
    0x08007d58   0x08007d58   0x0000002e   Code   RO         5703    i._printf_pre_padding  mc_w.l(printfa.o)
    0x08007d86   0x08007d86   0x00000002   PAD
    0x08007d88   0x08007d88   0x00000168   Code   RO         4143    i.avoid_object_blue  journey.o
    0x08007ef0   0x08007ef0   0x0000015c   Code   RO         4144    i.avoid_object_red  journey.o
    0x0800804c   0x0800804c   0x00000194   Code   RO         4145    i.back_home_by_speed  journey.o
    0x080081e0   0x080081e0   0x0000009c   Code   RO         4147    i.blue_or_red       journey.o
    0x0800827c   0x0800827c   0x00000394   Code   RO         4089    i.chassis_synthetic_control  wheel.o
    0x08008610   0x08008610   0x00000040   Code   RO         5292    i.cmd_action_group_run  lsc.o
    0x08008650   0x08008650   0x00000040   Code   RO         5293    i.cmd_action_group_speed  lsc.o
    0x08008690   0x08008690   0x00000020   Code   RO         4904    i.count_rowbar_message  bar.o
    0x080086b0   0x080086b0   0x00000020   Code   RO         4905    i.count_verticalbar_message  bar.o
    0x080086d0   0x080086d0   0x00000034   Code   RO         4696    i.delay_init        time_delay.o
    0x08008704   0x08008704   0x00000050   Code   RO         4697    i.delay_ms          time_delay.o
    0x08008754   0x08008754   0x00000034   Code   RO         5111    i.distinguish_blue  openmv.o
    0x08008788   0x08008788   0x00000034   Code   RO         5112    i.distinguish_red   openmv.o
    0x080087bc   0x080087bc   0x00000018   Code   RO         5812    i.fabs              m_wm.l(fabs.o)
    0x080087d4   0x080087d4   0x000003ac   Code   RO         4148    i.final_Catch_disc_blue  journey.o
    0x08008b80   0x08008b80   0x000003a8   Code   RO         4149    i.final_Catch_disc_red  journey.o
    0x08008f28   0x08008f28   0x00000018   Code   RO          377    i.fputc             usart.o
    0x08008f40   0x08008f40   0x000000c4   Code   RO         4150    i.get_qrcode        journey.o
    0x08009004   0x08009004   0x0000086e   Code   RO         4152    i.get_scores_qrcode_blue  journey.o
    0x08009872   0x08009872   0x00000002   PAD
    0x08009874   0x08009874   0x00000872   Code   RO         4153    i.get_scores_qrcode_red  journey.o
    0x0800a0e6   0x0800a0e6   0x00000002   PAD
    0x0800a0e8   0x0800a0e8   0x000000a0   Code   RO         4155    i.hit_bar_blue      journey.o
    0x0800a188   0x0800a188   0x000000a0   Code   RO         4156    i.hit_bar_red       journey.o
    0x0800a228   0x0800a228   0x00000074   Code   RO         4786    i.imu_calibration   imu_task.o
    0x0800a29c   0x0800a29c   0x000000e4   Code   RO         4787    i.imu_pid           imu_task.o
    0x0800a380   0x0800a380   0x00000058   Code   RO         4788    i.imu_pid_data_init  imu_task.o
    0x0800a3d8   0x0800a3d8   0x0000013c   Code   RO           15    i.main              main.o
    0x0800a514   0x0800a514   0x00000050   Code   RO         3857    i.motor1_Enable     wheel_config.o
    0x0800a564   0x0800a564   0x00000050   Code   RO         3858    i.motor2_Enable     wheel_config.o
    0x0800a5b4   0x0800a5b4   0x00000050   Code   RO         3859    i.motor3_Enable     wheel_config.o
    0x0800a604   0x0800a604   0x00000050   Code   RO         3860    i.motor4_Enable     wheel_config.o
    0x0800a654   0x0800a654   0x00000058   Code   RO         4046    i.motor_pid_data_init  wheel_task.o
    0x0800a6ac   0x0800a6ac   0x00000338   Code   RO         4090    i.move_by_encoder   wheel.o
    0x0800a9e4   0x0800a9e4   0x00000058   Code   RO         4163    i.move_to_bar_left_blue  journey.o
    0x0800aa3c   0x0800aa3c   0x00000058   Code   RO         4164    i.move_to_bar_right_red  journey.o
    0x0800aa94   0x0800aa94   0x00000178   Code   RO         4624    i.pid_incremental   pid.o
    0x0800ac0c   0x0800ac0c   0x00000178   Code   RO         4625    i.pid_positional    pid.o
    0x0800ad84   0x0800ad84   0x00000006   Code   RO         4421    i.read_addr         usmart.o
    0x0800ad8a   0x0800ad8a   0x00000024   Code   RO         4047    i.read_freq         wheel_task.o
    0x0800adae   0x0800adae   0x00000002   PAD
    0x0800adb0   0x0800adb0   0x000000c0   Code   RO         4906    i.read_rowbar       bar.o
    0x0800ae70   0x0800ae70   0x000000c8   Code   RO         4907    i.read_verticalbar  bar.o
    0x0800af38   0x0800af38   0x0000002c   Code   RO         4738    i.receive_imu901_IRQ  imu.o
    0x0800af64   0x0800af64   0x0000001c   Code   RO         4739    i.receive_imu901_Init  imu.o
    0x0800af80   0x0800af80   0x00000054   Code   RO         4966    i.recivem294_IRQ    m294.o
    0x0800afd4   0x0800afd4   0x00000258   Code   RO         4171    i.rode_blue_test    journey.o
    0x0800b22c   0x0800b22c   0x00000084   Code   RO         4174    i.rode_red_test     journey.o
    0x0800b2b0   0x0800b2b0   0x000000e8   Code   RO         4180    i.run_to_scores_red  journey.o
    0x0800b398   0x0800b398   0x00000048   Code   RO         4181    i.run_to_stairs_blue  journey.o
    0x0800b3e0   0x0800b3e0   0x00000044   Code   RO         4182    i.run_to_stairs_red  journey.o
    0x0800b424   0x0800b424   0x0000000c   Code   RO         5295    i.servogroup_Init   lsc.o
    0x0800b430   0x0800b430   0x00000016   Code   RO         5296    i.servogroup_Stepped_distinguish  lsc.o
    0x0800b446   0x0800b446   0x00000014   Code   RO         5297    i.servogroup_catch_Steppedplatform_1  lsc.o
    0x0800b45a   0x0800b45a   0x00000014   Code   RO         5298    i.servogroup_catch_Steppedplatform_2  lsc.o
    0x0800b46e   0x0800b46e   0x00000014   Code   RO         5299    i.servogroup_catch_Steppedplatform_3  lsc.o
    0x0800b482   0x0800b482   0x00000014   Code   RO         5300    i.servogroup_catch_Steppedplatform_4  lsc.o
    0x0800b496   0x0800b496   0x00000014   Code   RO         5301    i.servogroup_catch_Steppedplatform_5  lsc.o
    0x0800b4aa   0x0800b4aa   0x00000014   Code   RO         5302    i.servogroup_catch_Steppedplatform_6  lsc.o
    0x0800b4be   0x0800b4be   0x00000016   Code   RO         5303    i.servogroup_catch_Stripplatform  lsc.o
    0x0800b4d4   0x0800b4d4   0x00000014   Code   RO         5304    i.servogroup_ic_Stripplatform  lsc.o
    0x0800b4e8   0x0800b4e8   0x00000014   Code   RO         4091    i.set_chassis_speed  wheel.o
    0x0800b4fc   0x0800b4fc   0x00000004   Code   RO         4790    i.set_imu_status    imu_task.o
    0x0800b500   0x0800b500   0x00000018   Code   RO         3861    i.set_motor         wheel_config.o
    0x0800b518   0x0800b518   0x0000000c   Code   RO         3862    i.set_motor1val     wheel_config.o
    0x0800b524   0x0800b524   0x0000018c   Code   RO         4021    i.set_motor_speed   wheel_pwm.o
    0x0800b6b0   0x0800b6b0   0x000000dc   Code   RO         5057    i.span              turn_task.o
    0x0800b78c   0x0800b78c   0x00000058   Code   RO         5058    i.span_find_flag    turn_task.o
    0x0800b7e4   0x0800b7e4   0x0000006c   Code   RO         5059    i.span_find_zero    turn_task.o
    0x0800b850   0x0800b850   0x0000001e   Code   RO         5060    i.span_init         turn_task.o
    0x0800b86e   0x0800b86e   0x00000002   PAD
    0x0800b870   0x0800b870   0x000004ac   Code   RO         5392    i.stack_transfer_blue  stack_transfer.o
    0x0800bd1c   0x0800bd1c   0x000004c0   Code   RO         5393    i.stack_transfer_red  stack_transfer.o
    0x0800c1dc   0x0800c1dc   0x0000003c   Code   RO         5113    i.tell_claw_to_catch  openmv.o
    0x0800c218   0x0800c218   0x00000034   Code   RO         5116    i.tell_openmv_to_distinguish_Stepped  openmv.o
    0x0800c24c   0x0800c24c   0x00000034   Code   RO         5117    i.tell_openmv_to_distinguish_Strip  openmv.o
    0x0800c280   0x0800c280   0x00000034   Code   RO         5118    i.tell_openmv_to_loosen  openmv.o
    0x0800c2b4   0x0800c2b4   0x00000034   Code   RO         5119    i.tell_openmv_to_loosen2  openmv.o
    0x0800c2e8   0x0800c2e8   0x00000034   Code   RO         5120    i.tell_openmv_to_loosen3  openmv.o
    0x0800c31c   0x0800c31c   0x00000034   Code   RO         5121    i.tell_openmv_to_transfer  openmv.o
    0x0800c350   0x0800c350   0x00000034   Code   RO         5122    i.tell_openmv_to_transfer_blue  openmv.o
    0x0800c384   0x0800c384   0x00000034   Code   RO         5123    i.tell_openmv_to_transfer_red  openmv.o
    0x0800c3b8   0x0800c3b8   0x00000058   Code   RO         4854    i.track_pid_data_init  track_task.o
    0x0800c410   0x0800c410   0x00000100   Code   RO         4740    i.unpacked_imu901   imu.o
    0x0800c510   0x0800c510   0x000000b0   Code   RO         4422    i.usmart_cmd_rec    usmart.o
    0x0800c5c0   0x0800c5c0   0x000002d4   Code   RO         4423    i.usmart_exe        usmart.o
    0x0800c894   0x0800c894   0x000000d4   Code   RO         4540    i.usmart_get_aparm  usmart_str.o
    0x0800c968   0x0800c968   0x00000036   Code   RO         4541    i.usmart_get_cmdname  usmart_str.o
    0x0800c99e   0x0800c99e   0x00000002   PAD
    0x0800c9a0   0x0800c9a0   0x000001c0   Code   RO         4542    i.usmart_get_fname  usmart_str.o
    0x0800cb60   0x0800cb60   0x0000010c   Code   RO         4543    i.usmart_get_fparam  usmart_str.o
    0x0800cc6c   0x0800cc6c   0x00000020   Code   RO         4544    i.usmart_get_parmpos  usmart_str.o
    0x0800cc8c   0x0800cc8c   0x00000044   Code   RO         4424    i.usmart_get_runtime  usmart.o
    0x0800ccd0   0x0800ccd0   0x00000028   Code   RO         4425    i.usmart_init       usmart.o
    0x0800ccf8   0x0800ccf8   0x00000016   Code   RO         4545    i.usmart_pow        usmart_str.o
    0x0800cd0e   0x0800cd0e   0x00000002   PAD
    0x0800cd10   0x0800cd10   0x00000034   Code   RO         4426    i.usmart_reset_runtime  usmart.o
    0x0800cd44   0x0800cd44   0x000000bc   Code   RO         4427    i.usmart_scan       usmart.o
    0x0800ce00   0x0800ce00   0x00000016   Code   RO         4546    i.usmart_search_nextc  usmart_str.o
    0x0800ce16   0x0800ce16   0x00000106   Code   RO         4547    i.usmart_str2num    usmart_str.o
    0x0800cf1c   0x0800cf1c   0x00000022   Code   RO         4548    i.usmart_strcmp     usmart_str.o
    0x0800cf3e   0x0800cf3e   0x00000016   Code   RO         4549    i.usmart_strcopy    usmart_str.o
    0x0800cf54   0x0800cf54   0x00000018   Code   RO         4550    i.usmart_strlen     usmart_str.o
    0x0800cf6c   0x0800cf6c   0x000006f4   Code   RO         4428    i.usmart_sys_cmd_exe  usmart.o
    0x0800d660   0x0800d660   0x00000004   Code   RO         4429    i.write_addr        usmart.o
    0x0800d664   0x0800d664   0x00000018   Data   RO         3818    .constdata          system_stm32f7xx.o
    0x0800d67c   0x0800d67c   0x00000004   PAD
    0x0800d680   0x0800d680   0x00000030   Data   RO         5744    .constdata          m_wm.l(cos_i.o)
    0x0800d6b0   0x0800d6b0   0x000000c8   Data   RO         5762    .constdata          m_wm.l(rred.o)
    0x0800d778   0x0800d778   0x00000028   Data   RO         5766    .constdata          m_wm.l(sin_i.o)
    0x0800d7a0   0x0800d7a0   0x00000028   Data   RO         4431    .conststring        usmart.o
    0x0800d7c8   0x0800d7c8   0x00000147   Data   RO         4515    .conststring        usmart_config.o
    0x0800d90f   0x0800d90f   0x00000001   PAD
    0x0800d910   0x0800d910   0x00000020   Data   RO         5822    Region$$Table       anon$$obj.o


    Execution Region RW_IRAM1 (Exec base: 0x20000000, Load base: 0x0800d930, Size: 0x00001000, Max: 0x00050000, ABSOLUTE, COMPRESSED[0x000000a8])

    Exec Addr    Load Addr    Size         Type   Attr      Idx    E Section Name        Object

    0x20000000   COMPRESSED   0x00000004   Data   RW           16    .data               main.o
    0x20000004   COMPRESSED   0x00000003   Data   RW          379    .data               usart.o
    0x20000007   COMPRESSED   0x00000001   PAD
    0x20000008   COMPRESSED   0x00000009   Data   RW         2610    .data               stm32f7xx_hal.o
    0x20000011   COMPRESSED   0x00000003   PAD
    0x20000014   COMPRESSED   0x00000004   Data   RW         3819    .data               system_stm32f7xx.o
    0x20000018   COMPRESSED   0x00000090   Data   RW         3953    .data               wheel_encode.o
    0x200000a8   COMPRESSED   0x00000050   Data   RW         4049    .data               wheel_task.o
    0x200000f8   COMPRESSED   0x00000020   Data   RW         4093    .data               wheel.o
    0x20000118   COMPRESSED   0x0000000d   Data   RW         4184    .data               journey.o
    0x20000125   COMPRESSED   0x00000003   PAD
    0x20000128   COMPRESSED   0x0000001c   Data   RW         4432    .data               usmart.o
    0x20000144   COMPRESSED   0x0000013c   Data   RW         4516    .data               usmart_config.o
    0x20000280   COMPRESSED   0x0000000c   Data   RW         4626    .data               pid.o
    0x2000028c   COMPRESSED   0x00000016   Data   RW         4662    .data               time_cnt.o
    0x200002a2   COMPRESSED   0x00000002   PAD
    0x200002a4   COMPRESSED   0x00000008   Data   RW         4699    .data               time_delay.o
    0x200002ac   COMPRESSED   0x00000005   Data   RW         4742    .data               imu.o
    0x200002b1   COMPRESSED   0x00000003   PAD
    0x200002b4   COMPRESSED   0x00000014   Data   RW         4793    .data               imu_task.o
    0x200002c8   COMPRESSED   0x00000014   Data   RW         4911    .data               bar.o
    0x200002dc   COMPRESSED   0x00000002   Data   RW         4969    .data               m294.o
    0x200002de   COMPRESSED   0x00000002   PAD
    0x200002e0   COMPRESSED   0x00000008   Data   RW         5061    .data               turn_task.o
    0x200002e8   COMPRESSED   0x0000000e   Data   RW         5124    .data               openmv.o
    0x200002f6   COMPRESSED   0x00000002   PAD
    0x200002f8   COMPRESSED   0x0000000a   Data   RW         5227    .data               qrcode.o
    0x20000302   COMPRESSED   0x00000002   PAD
    0x20000304   COMPRESSED   0x00000014   Data   RW         5395    .data               stack_transfer.o
    0x20000318   COMPRESSED   0x00000004   Data   RW         5787    .data               mc_w.l(stdout.o)
    0x2000031c   COMPRESSED   0x00000004   Data   RW         5799    .data               mc_w.l(errno.o)
    0x20000320        -       0x000001c8   Zero   RW          288    .bss                tim.o
    0x200004e8        -       0x000003f8   Zero   RW          378    .bss                usart.o
    0x200008e0        -       0x00000090   Zero   RW         3863    .bss                wheel_config.o
    0x20000970        -       0x00000100   Zero   RW         4048    .bss                wheel_task.o
    0x20000a70        -       0x00000038   Zero   RW         4092    .bss                wheel.o
    0x20000aa8        -       0x0000004c   Zero   RW         4430    .bss                usmart.o
    0x20000af4        -       0x00000027   Zero   RW         4741    .bss                imu.o
    0x20000b1b   COMPRESSED   0x00000001   PAD
    0x20000b1c        -       0x00000040   Zero   RW         4792    .bss                imu_task.o
    0x20000b5c        -       0x00000040   Zero   RW         4855    .bss                track_task.o
    0x20000b9c        -       0x00000026   Zero   RW         4910    .bss                bar.o
    0x20000bc2        -       0x0000002e   Zero   RW         4968    .bss                m294.o
    0x20000bf0        -       0x0000000c   Zero   RW         5013    .bss                snow.o
    0x20000bfc   COMPRESSED   0x00000004   PAD
    0x20000c00        -       0x00000400   Zero   RW            1    STACK               startup_stm32f750xx.o


==============================================================================

Image component sizes


      Code (inc. data)   RO Data    RW Data    ZI Data      Debug   Object Name

       456         50          0         20         38       4190   bar.o
       380         24          0          0          0       1179   gpio.o
       392         56          0          5         39       3954   imu.o
       436         52          0         20         64       3851   imu_task.o
     12032        564          0         13          0      19321   journey.o
       324          8          0          0          0       6528   lsc.o
       248         36          0          2         46       2091   m294.o
       502        100          0          4          0     845687   main.o
       624         58          0         14          0       7835   openmv.o
       752         44          0         12          0       3164   pid.o
         0          0          0         10          0       1279   qrcode.o
       314          6          0          0         12       3138   snow.o
      2412        112          0         20          0       3940   stack_transfer.o
        36          8        456          0       1024        848   startup_stm32f750xx.o
       174         30          0          9          0       9213   stm32f7xx_hal.o
       304         22          0          0          0      39575   stm32f7xx_hal_cortex.o
       212          0          0          0          0       2035   stm32f7xx_hal_dma.o
       540         52          0          0          0       2223   stm32f7xx_hal_gpio.o
        64          4          0          0          0        894   stm32f7xx_hal_msp.o
       144          8          0          0          0       1316   stm32f7xx_hal_pwr_ex.o
      1940         76          0          0          0       5744   stm32f7xx_hal_rcc.o
      1764         18          0          0          0       2244   stm32f7xx_hal_rcc_ex.o
      3956        258          0          0          0      24762   stm32f7xx_hal_tim.o
       390         38          0          0          0       4120   stm32f7xx_hal_tim_ex.o
      3458         86          0          0          0      16417   stm32f7xx_hal_uart.o
       190         54          0          0          0       9093   stm32f7xx_it.o
        20          6         24          4          0       1199   system_stm32f7xx.o
      1880        116          0          0        456       7482   tim.o
       248         32          0         22          0       2309   time_cnt.o
       132         20          0          8          0       1368   time_delay.o
        88          4          0          0         64       1891   track_task.o
       446         48          0          8          0       2661   turn_task.o
      1684        160          0          3       1016       7678   usart.o
      3198       1354         40         28         76       8123   usmart.o
         0          0        327        316          0       1660   usmart_config.o
      1400         20          0          0          0       9193   usmart_str.o
      1760        144          0         32         56       3620   wheel.o
       356         60          0          0        144       5485   wheel_config.o
      3932        284          0        144          0       8471   wheel_encode.o
       396          6          0          0          0       1154   wheel_pwm.o
       124          4          0         80        256       2251   wheel_task.o

    ----------------------------------------------------------------------
     47738       4022        884        792       3296    1089186   Object Totals
         0          0         32          0          0          0   (incl. Generated)
        30          0          5         18          5          0   (incl. Padding)

    ----------------------------------------------------------------------

      Code (inc. data)   RO Data    RW Data    ZI Data      Debug   Library Member Name

       200         20          0          0          0        164   cos.o
       368         46         48          0          0        200   cos_i.o
        84         16          0          0          0        372   dunder.o
        24          0          0          0          0        124   fabs.o
        48          0          0          0          0        124   fpclassify.o
       248          0          0          0          0        152   poly.o
      1080        142        200          0          0        188   rred.o
       200         20          0          0          0        164   sin.o
       304         24         40          0          0        208   sin_i.o
        86          0          0          0          0          0   __dczerorl2.o
         0          0          0          0          0          0   entry.o
         0          0          0          0          0          0   entry10a.o
         0          0          0          0          0          0   entry11a.o
         4          0          0          0          0          0   entry12b.o
         8          4          0          0          0          0   entry2.o
         4          0          0          0          0          0   entry5.o
         0          0          0          0          0          0   entry7b.o
         0          0          0          0          0          0   entry8b.o
         8          4          0          0          0          0   entry9a.o
        12          6          0          4          0         68   errno.o
        30          0          0          0          0          0   handlers.o
        36          8          0          0          0         68   init.o
         0          0          0          0          0          0   iusefp.o
        30          0          0          0          0         68   llshl.o
        36          0          0          0          0         68   llsshr.o
        32          0          0          0          0         68   llushr.o
        36          0          0          0          0        108   memseta.o
      2218         90          0          0          0        464   printfa.o
         0          0          0          4          0          0   stdout.o
        44          0          0          0          0         80   uidiv.o
        98          0          0          0          0         92   uldiv.o
        48          0          0          0          0         68   cdcmple.o
        48          0          0          0          0         68   cdrcmple.o
        56          0          0          0          0         88   d2f.o
       334          0          0          0          0        148   dadd.o
       222          0          0          0          0        100   ddiv.o
       186          0          0          0          0        176   depilogue.o
        62          0          0          0          0         80   dfixi.o
        48          0          0          0          0         68   dfixul.o
        34          0          0          0          0         76   dflti.o
        26          0          0          0          0         76   dfltui.o
       228          0          0          0          0         96   dmul.o
        38          0          0          0          0         68   f2d.o
       110          0          0          0          0        168   fepilogue.o

    ----------------------------------------------------------------------
      6690        380        288          8          0       4060   Library Totals
        12          0          0          0          0          0   (incl. Padding)

    ----------------------------------------------------------------------

      Code (inc. data)   RO Data    RW Data    ZI Data      Debug   Library Name

      2556        268        288          0          0       1696   m_wm.l
      2682        112          0          8          0       1084   mc_w.l
      1440          0          0          0          0       1280   mf_w.l

    ----------------------------------------------------------------------
      6690        380        288          8          0       4060   Library Totals

    ----------------------------------------------------------------------

==============================================================================


      Code (inc. data)   RO Data    RW Data    ZI Data      Debug   

     54428       4402       1172        800       3296    1068534   Grand Totals
     54428       4402       1172        168       3296    1068534   ELF Image Totals (compressed)
     54428       4402       1172        168          0          0   ROM Totals

==============================================================================

    Total RO  Size (Code + RO Data)                55600 (  54.30kB)
    Total RW  Size (RW Data + ZI Data)              4096 (   4.00kB)
    Total ROM Size (Code + RO Data + RW Data)      55768 (  54.46kB)

==============================================================================

